<<<<<<< Updated upstream
[Sun Dec  7 19:58:00 2025] PHP 8.4.4 Development Server (http://localhost:8080) started
=======
[Sun Dec  7 18:38:15 2025] PHP 8.4.4 Development Server (http://localhost:8080) started
[Sun Dec  7 18:38:20 2025] [::1]:59570 Accepted
[Sun Dec  7 18:38:22 2025] [::1]:59570 [200]: GET /Produk_detail.html?id=1
[Sun Dec  7 18:38:22 2025] [::1]:59570 Closing
[Sun Dec  7 18:38:22 2025] [::1]:59613 Accepted
[Sun Dec  7 18:38:22 2025] [::1]:59614 Accepted
[Sun Dec  7 18:38:22 2025] [::1]:59615 Accepted
[Sun Dec  7 18:38:22 2025] [::1]:59616 Accepted
[Sun Dec  7 18:38:22 2025] [::1]:59617 Accepted
[Sun Dec  7 18:38:22 2025] [::1]:59618 Accepted
[Sun Dec  7 18:38:22 2025] [::1]:59613 [200]: GET /Produk_detail/Produk_detail.css?v=8
[Sun Dec  7 18:38:22 2025] [::1]:59614 [200]: GET /ui/toast.css?v=1
[Sun Dec  7 18:38:22 2025] [::1]:59615 [200]: GET /navbar/navbar.css
[Sun Dec  7 18:38:22 2025] [::1]:59616 [200]: GET /loading-screen/loading.css
[Sun Dec  7 18:38:22 2025] [::1]:59617 [200]: GET /footer/footer.css
[Sun Dec  7 18:38:22 2025] [::1]:59618 [200]: GET /Product/product.css
[Sun Dec  7 18:38:22 2025] [::1]:59613 Closing
[Sun Dec  7 18:38:22 2025] [::1]:59614 Closing
[Sun Dec  7 18:38:22 2025] [::1]:59615 Closing
[Sun Dec  7 18:38:22 2025] [::1]:59616 Closing
[Sun Dec  7 18:38:22 2025] [::1]:59617 Closing
[Sun Dec  7 18:38:22 2025] [::1]:59618 Closing
[Sun Dec  7 18:38:22 2025] [::1]:59619 Accepted
[Sun Dec  7 18:38:22 2025] [::1]:59619 [200]: GET /loading-screen/loading.js
[Sun Dec  7 18:38:22 2025] [::1]:59619 Closing
[Sun Dec  7 18:38:22 2025] [::1]:59620 Accepted
[Sun Dec  7 18:38:22 2025] [::1]:59621 Accepted
[Sun Dec  7 18:38:22 2025] [::1]:59622 Accepted
[Sun Dec  7 18:38:22 2025] [::1]:59623 Accepted
[Sun Dec  7 18:38:22 2025] [::1]:59624 Accepted
[Sun Dec  7 18:38:22 2025] [::1]:59620 [200]: GET /navbar/navbar.js
[Sun Dec  7 18:38:22 2025] [::1]:59621 [200]: GET /Product/products.js?v=2
[Sun Dec  7 18:38:22 2025] [::1]:59622 [200]: GET /footer/footer.js
[Sun Dec  7 18:38:22 2025] [::1]:59620 Closing
[Sun Dec  7 18:38:22 2025] [::1]:59623 [200]: GET /Product/product.js?v=1
[Sun Dec  7 18:38:22 2025] [::1]:59624 [200]: GET /Produk_detail/Produk_detail.js?v=7
[Sun Dec  7 18:38:22 2025] [::1]:59621 Closing
[Sun Dec  7 18:38:22 2025] [::1]:59625 Accepted
[Sun Dec  7 18:38:22 2025] [::1]:59622 Closing
[Sun Dec  7 18:38:22 2025] [::1]:59623 Closing
[Sun Dec  7 18:38:22 2025] [::1]:59624 Closing
[Sun Dec  7 18:38:22 2025] [::1]:59625 [200]: GET /ui/toast.js?v=1
[Sun Dec  7 18:38:22 2025] [::1]:59625 Closing
[Sun Dec  7 18:38:22 2025] [::1]:59626 Accepted
[Sun Dec  7 18:38:22 2025] [::1]:59626 [200]: GET /logo.png
[Sun Dec  7 18:38:22 2025] [::1]:59626 Closing
[Sun Dec  7 18:38:24 2025] [::1]:59674 Accepted
[Sun Dec  7 18:38:24 2025] [::1]:59675 Accepted
[Sun Dec  7 18:38:24 2025] [::1]:59677 Accepted
[Sun Dec  7 18:38:24 2025] [::1]:59674 [200]: GET /uploads/products/01_main_966241ad.webp
[Sun Dec  7 18:38:24 2025] [::1]:59675 [200]: GET /uploads/products/01_main_0f55306f.webp
[Sun Dec  7 18:38:24 2025] [::1]:59677 [200]: GET /uploads/products/01_main_cfb20020.webp
[Sun Dec  7 18:38:24 2025] [::1]:59674 Closing
[Sun Dec  7 18:38:24 2025] [::1]:59675 Closing
[Sun Dec  7 18:38:24 2025] [::1]:59677 Closing
[Sun Dec  7 18:38:26 2025] [::1]:59700 Accepted
[Sun Dec  7 18:38:26 2025] [::1]:59700 [200]: GET /favicon.ico
[Sun Dec  7 18:38:26 2025] [::1]:59700 Closing
[Sun Dec  7 18:38:26 2025] [::1]:59705 Accepted
[Sun Dec  7 18:38:26 2025] [::1]:59706 Accepted
[Sun Dec  7 18:38:26 2025] [::1]:59707 Accepted
[Sun Dec  7 18:38:26 2025] [::1]:59708 Accepted
[Sun Dec  7 18:38:26 2025] [::1]:59709 Accepted
[Sun Dec  7 18:38:26 2025] [::1]:59705 [200]: GET /uploads/products/04_var_3855f4e3.webp
[Sun Dec  7 18:38:26 2025] [::1]:59705 Closing
[Sun Dec  7 18:38:26 2025] [::1]:59706 [200]: GET /uploads/products/02_var_5648290d.webp
[Sun Dec  7 18:38:26 2025] [::1]:59707 [200]: GET /uploads/products/05_var_78b12944.webp
[Sun Dec  7 18:38:26 2025] [::1]:59706 Closing
[Sun Dec  7 18:38:26 2025] [::1]:59708 [200]: GET /uploads/products/06_var_55ca84cd.webp
[Sun Dec  7 18:38:26 2025] [::1]:59709 [200]: GET /uploads/products/03_var_be6055a9.webp
[Sun Dec  7 18:38:26 2025] [::1]:59707 Closing
[Sun Dec  7 18:38:26 2025] [::1]:59708 Closing
[Sun Dec  7 18:38:26 2025] [::1]:59709 Closing
[Sun Dec  7 18:38:26 2025] [::1]:59710 Accepted
[Sun Dec  7 18:38:26 2025] [::1]:59710 [200]: GET /uploads/products/01_main_966241ad.webp
[Sun Dec  7 18:38:26 2025] [::1]:59710 Closing
[Sun Dec  7 18:38:26 2025] [::1]:59711 Accepted
[Sun Dec  7 18:38:26 2025] [::1]:59711 [200]: GET /uploads/products/01_main_cfb20020.webp
[Sun Dec  7 18:38:26 2025] [::1]:59711 Closing
[Sun Dec  7 18:38:31 2025] [::1]:59835 Accepted
[Sun Dec  7 18:38:31 2025] [::1]:59835 [200]: GET /Produk_detail.html?id=2
[Sun Dec  7 18:38:31 2025] [::1]:59835 Closing
[Sun Dec  7 18:38:31 2025] [::1]:59840 Accepted
[Sun Dec  7 18:38:31 2025] [::1]:59840 [200]: GET /Produk_detail/Produk_detail.css?v=8
[Sun Dec  7 18:38:31 2025] [::1]:59841 Accepted
[Sun Dec  7 18:38:31 2025] [::1]:59842 Accepted
[Sun Dec  7 18:38:31 2025] [::1]:59840 Closing
[Sun Dec  7 18:38:31 2025] [::1]:59841 [200]: GET /ui/toast.css?v=1
[Sun Dec  7 18:38:31 2025] [::1]:59841 Closing
[Sun Dec  7 18:38:31 2025] [::1]:59842 [200]: GET /navbar/navbar.css
[Sun Dec  7 18:38:31 2025] [::1]:59842 Closing
[Sun Dec  7 18:38:31 2025] [::1]:59844 Accepted
[Sun Dec  7 18:38:31 2025] [::1]:59845 Accepted
[Sun Dec  7 18:38:31 2025] [::1]:59846 Accepted
[Sun Dec  7 18:38:31 2025] [::1]:59847 Accepted
[Sun Dec  7 18:38:31 2025] [::1]:59848 Accepted
[Sun Dec  7 18:38:31 2025] [::1]:59844 [200]: GET /loading-screen/loading.js
[Sun Dec  7 18:38:31 2025] [::1]:59844 Closing
[Sun Dec  7 18:38:31 2025] [::1]:59845 [200]: GET /Product/product.css
[Sun Dec  7 18:38:31 2025] [::1]:59845 Closing
[Sun Dec  7 18:38:31 2025] [::1]:59846 [200]: GET /footer/footer.css
[Sun Dec  7 18:38:31 2025] [::1]:59850 Accepted
[Sun Dec  7 18:38:31 2025] [::1]:59846 Closing
[Sun Dec  7 18:38:31 2025] [::1]:59847 [200]: GET /loading-screen/loading.css
[Sun Dec  7 18:38:31 2025] [::1]:59848 [200]: GET /navbar/navbar.js
[Sun Dec  7 18:38:31 2025] [::1]:59851 Accepted
[Sun Dec  7 18:38:31 2025] [::1]:59850 [200]: GET /Product/product.js?v=1
[Sun Dec  7 18:38:31 2025] [::1]:59847 Closing
[Sun Dec  7 18:38:31 2025] [::1]:59848 Closing
[Sun Dec  7 18:38:31 2025] [::1]:59850 Closing
[Sun Dec  7 18:38:31 2025] [::1]:59851 [200]: GET /Produk_detail/Produk_detail.js?v=7
[Sun Dec  7 18:38:31 2025] [::1]:59851 Closing
[Sun Dec  7 18:38:31 2025] [::1]:59852 Accepted
[Sun Dec  7 18:38:31 2025] [::1]:59853 Accepted
[Sun Dec  7 18:38:31 2025] [::1]:59852 [200]: GET /ui/toast.js?v=1
[Sun Dec  7 18:38:31 2025] [::1]:59852 Closing
[Sun Dec  7 18:38:31 2025] [::1]:59854 Accepted
[Sun Dec  7 18:38:31 2025] [::1]:59853 [200]: GET /footer/footer.js
[Sun Dec  7 18:38:31 2025] [::1]:59853 Closing
[Sun Dec  7 18:38:31 2025] [::1]:59854 [200]: GET /Product/products.js?v=2
[Sun Dec  7 18:38:31 2025] [::1]:59854 Closing
[Sun Dec  7 18:38:31 2025] [::1]:59855 Accepted
[Sun Dec  7 18:38:31 2025] [::1]:59855 [200]: GET /logo.png
[Sun Dec  7 18:38:31 2025] [::1]:59855 Closing
[Sun Dec  7 18:38:32 2025] [::1]:59864 Accepted
[Sun Dec  7 18:38:32 2025] [::1]:59865 Accepted
[Sun Dec  7 18:38:32 2025] [::1]:59866 Accepted
[Sun Dec  7 18:38:32 2025] [::1]:59864 [200]: GET /uploads/products/01_main_966241ad.webp
[Sun Dec  7 18:38:32 2025] [::1]:59865 [200]: GET /uploads/products/01_main_0f55306f.webp
[Sun Dec  7 18:38:32 2025] [::1]:59866 [200]: GET /uploads/products/01_main_cfb20020.webp
[Sun Dec  7 18:38:32 2025] [::1]:59864 Closing
[Sun Dec  7 18:38:32 2025] [::1]:59865 Closing
[Sun Dec  7 18:38:32 2025] [::1]:59866 Closing
[Sun Dec  7 18:38:32 2025] [::1]:59870 Accepted
[Sun Dec  7 18:38:32 2025] [::1]:59871 Accepted
[Sun Dec  7 18:38:32 2025] [::1]:59870 [200]: GET /uploads/products/02_var_515cf0bf.webp
[Sun Dec  7 18:38:32 2025] [::1]:59871 [200]: GET /uploads/products/08_var_bc3d54e4.webp
[Sun Dec  7 18:38:32 2025] [::1]:59870 Closing
[Sun Dec  7 18:38:32 2025] [::1]:59872 Accepted
[Sun Dec  7 18:38:32 2025] [::1]:59873 Accepted
[Sun Dec  7 18:38:32 2025] [::1]:59871 Closing
[Sun Dec  7 18:38:32 2025] [::1]:59874 Accepted
[Sun Dec  7 18:38:32 2025] [::1]:59875 Accepted
[Sun Dec  7 18:38:32 2025] [::1]:59872 [200]: GET /uploads/products/03_var_a16534a5.webp
[Sun Dec  7 18:38:32 2025] [::1]:59872 Closing
[Sun Dec  7 18:38:32 2025] [::1]:59874 [200]: GET /uploads/products/04_var_3105c4a4.webp
[Sun Dec  7 18:38:32 2025] [::1]:59874 Closing
[Sun Dec  7 18:38:32 2025] [::1]:59875 [200]: GET /uploads/products/05_var_ec1522dc.webp
[Sun Dec  7 18:38:32 2025] [::1]:59873 [200]: GET /uploads/products/06_var_8c091356.webp
[Sun Dec  7 18:38:32 2025] [::1]:59875 Closing
[Sun Dec  7 18:38:32 2025] [::1]:59873 Closing
[Sun Dec  7 18:38:32 2025] [::1]:59876 Accepted
[Sun Dec  7 18:38:32 2025] [::1]:59877 Accepted
[Sun Dec  7 18:38:32 2025] [::1]:59876 [200]: GET /uploads/products/07_var_9f30110b.webp
[Sun Dec  7 18:38:32 2025] [::1]:59878 Accepted
[Sun Dec  7 18:38:32 2025] [::1]:59876 Closing
[Sun Dec  7 18:38:32 2025] [::1]:59877 [200]: GET /uploads/products/01_main_966241ad.webp
[Sun Dec  7 18:38:32 2025] [::1]:59877 Closing
[Sun Dec  7 18:38:32 2025] [::1]:59878 [200]: GET /uploads/products/01_main_0f55306f.webp
[Sun Dec  7 18:38:32 2025] [::1]:59878 Closing
[Sun Dec  7 18:39:06 2025] [::1]:60694 Accepted
[Sun Dec  7 18:39:06 2025] [::1]:60694 [200]: GET /Product/product.html
[Sun Dec  7 18:39:06 2025] [::1]:60694 Closing
[Sun Dec  7 18:39:06 2025] [::1]:60697 Accepted
[Sun Dec  7 18:39:06 2025] [::1]:60698 Accepted
[Sun Dec  7 18:39:06 2025] [::1]:60697 [200]: GET /Product/product.css
[Sun Dec  7 18:39:06 2025] [::1]:60698 [200]: GET /loading-screen/loading.css
[Sun Dec  7 18:39:06 2025] [::1]:60699 Accepted
[Sun Dec  7 18:39:06 2025] [::1]:60697 Closing
[Sun Dec  7 18:39:06 2025] [::1]:60700 Accepted
[Sun Dec  7 18:39:06 2025] [::1]:60698 Closing
[Sun Dec  7 18:39:06 2025] [::1]:60701 Accepted
[Sun Dec  7 18:39:06 2025] [::1]:60702 Accepted
[Sun Dec  7 18:39:06 2025] [::1]:60700 [200]: GET /Product/products.js?v=2
[Sun Dec  7 18:39:06 2025] [::1]:60701 [200]: GET /Product/product.js
[Sun Dec  7 18:39:06 2025] [::1]:60702 [200]: GET /Landing%20Page/styles.css
[Sun Dec  7 18:39:06 2025] [::1]:60700 Closing
[Sun Dec  7 18:39:06 2025] [::1]:60699 [200]: GET /loading-screen/loading.js
[Sun Dec  7 18:39:06 2025] [::1]:60701 Closing
[Sun Dec  7 18:39:06 2025] [::1]:60702 Closing
[Sun Dec  7 18:39:06 2025] [::1]:60703 Accepted
[Sun Dec  7 18:39:06 2025] [::1]:60699 Closing
[Sun Dec  7 18:39:06 2025] [::1]:60704 Accepted
[Sun Dec  7 18:39:06 2025] [::1]:60703 [200]: GET /navbar/navbar.css
[Sun Dec  7 18:39:06 2025] [::1]:60703 Closing
[Sun Dec  7 18:39:06 2025] [::1]:60704 [200]: GET /footer/footer.css
[Sun Dec  7 18:39:06 2025] [::1]:60704 Closing
[Sun Dec  7 18:39:06 2025] [::1]:60705 Accepted
[Sun Dec  7 18:39:06 2025] [::1]:60706 Accepted
[Sun Dec  7 18:39:06 2025] [::1]:60707 Accepted
[Sun Dec  7 18:39:06 2025] [::1]:60705 [200]: GET /navbar/navbar.js
[Sun Dec  7 18:39:06 2025] [::1]:60705 Closing
[Sun Dec  7 18:39:06 2025] [::1]:60706 [200]: GET /footer/footer.js
[Sun Dec  7 18:39:06 2025] [::1]:60707 [200]: GET /ui/grass.js
[Sun Dec  7 18:39:06 2025] [::1]:60706 Closing
[Sun Dec  7 18:39:06 2025] [::1]:60707 Closing
[Sun Dec  7 18:39:06 2025] [::1]:60709 Accepted
[Sun Dec  7 18:39:06 2025] [::1]:60709 [200]: GET /logo.png
[Sun Dec  7 18:39:06 2025] [::1]:60709 Closing
[Sun Dec  7 18:39:07 2025] [::1]:60716 Accepted
[Sun Dec  7 18:39:07 2025] [::1]:60717 Accepted
[Sun Dec  7 18:39:07 2025] [::1]:60718 Accepted
[Sun Dec  7 18:39:07 2025] [::1]:60716 [200]: GET /uploads/products/01_main_966241ad.webp
[Sun Dec  7 18:39:07 2025] [::1]:60717 [200]: GET /uploads/products/01_main_cfb20020.webp
[Sun Dec  7 18:39:07 2025] [::1]:60718 [200]: GET /uploads/products/01_main_0f55306f.webp
[Sun Dec  7 18:39:07 2025] [::1]:60716 Closing
[Sun Dec  7 18:39:07 2025] [::1]:60717 Closing
[Sun Dec  7 18:39:07 2025] [::1]:60718 Closing
[Sun Dec  7 18:39:11 2025] [::1]:60823 Accepted
[Sun Dec  7 18:39:11 2025] [::1]:60823 [200]: GET /Produk_detail.html?id=2
[Sun Dec  7 18:39:11 2025] [::1]:60823 Closing
[Sun Dec  7 18:39:11 2025] [::1]:60826 Accepted
[Sun Dec  7 18:39:11 2025] [::1]:60827 Accepted
[Sun Dec  7 18:39:11 2025] [::1]:60828 Accepted
[Sun Dec  7 18:39:11 2025] [::1]:60829 Accepted
[Sun Dec  7 18:39:11 2025] [::1]:60830 Accepted
[Sun Dec  7 18:39:11 2025] [::1]:60831 Accepted
[Sun Dec  7 18:39:11 2025] [::1]:60826 [200]: GET /Produk_detail/Produk_detail.css?v=8
[Sun Dec  7 18:39:11 2025] [::1]:60826 Closing
[Sun Dec  7 18:39:11 2025] [::1]:60827 [200]: GET /ui/toast.css?v=1
[Sun Dec  7 18:39:11 2025] [::1]:60828 [200]: GET /navbar/navbar.css
[Sun Dec  7 18:39:11 2025] [::1]:60827 Closing
[Sun Dec  7 18:39:11 2025] [::1]:60829 [200]: GET /footer/footer.css
[Sun Dec  7 18:39:11 2025] [::1]:60828 Closing
[Sun Dec  7 18:39:11 2025] [::1]:60830 [200]: GET /Product/product.css
[Sun Dec  7 18:39:11 2025] [::1]:60831 [200]: GET /loading-screen/loading.js
[Sun Dec  7 18:39:11 2025] [::1]:60829 Closing
[Sun Dec  7 18:39:11 2025] [::1]:60830 Closing
[Sun Dec  7 18:39:11 2025] [::1]:60831 Closing
[Sun Dec  7 18:39:11 2025] [::1]:60832 Accepted
[Sun Dec  7 18:39:11 2025] [::1]:60833 Accepted
[Sun Dec  7 18:39:11 2025] [::1]:60834 Accepted
[Sun Dec  7 18:39:11 2025] [::1]:60832 [200]: GET /navbar/navbar.js
[Sun Dec  7 18:39:11 2025] [::1]:60835 Accepted
[Sun Dec  7 18:39:11 2025] [::1]:60832 Closing
[Sun Dec  7 18:39:11 2025] [::1]:60833 [200]: GET /footer/footer.js
[Sun Dec  7 18:39:11 2025] [::1]:60834 [200]: GET /Product/products.js?v=2
[Sun Dec  7 18:39:11 2025] [::1]:60836 Accepted
[Sun Dec  7 18:39:11 2025] [::1]:60837 Accepted
[Sun Dec  7 18:39:11 2025] [::1]:60833 Closing
[Sun Dec  7 18:39:11 2025] [::1]:60834 Closing
[Sun Dec  7 18:39:11 2025] [::1]:60835 [200]: GET /Product/product.js?v=1
[Sun Dec  7 18:39:11 2025] [::1]:60835 Closing
[Sun Dec  7 18:39:11 2025] [::1]:60836 [200]: GET /Produk_detail/Produk_detail.js?v=7
[Sun Dec  7 18:39:11 2025] [::1]:60837 [200]: GET /ui/toast.js?v=1
[Sun Dec  7 18:39:11 2025] [::1]:60836 Closing
[Sun Dec  7 18:39:11 2025] [::1]:60837 Closing
[Sun Dec  7 18:39:11 2025] [::1]:60838 Accepted
[Sun Dec  7 18:39:11 2025] [::1]:60838 [200]: GET /loading-screen/loading.css
[Sun Dec  7 18:39:11 2025] [::1]:60838 Closing
[Sun Dec  7 18:39:11 2025] [::1]:60839 Accepted
[Sun Dec  7 18:39:11 2025] [::1]:60839 [200]: GET /logo.png
[Sun Dec  7 18:39:11 2025] [::1]:60839 Closing
[Sun Dec  7 18:39:11 2025] [::1]:60845 Accepted
[Sun Dec  7 18:39:11 2025] [::1]:60846 Accepted
[Sun Dec  7 18:39:11 2025] [::1]:60847 Accepted
[Sun Dec  7 18:39:11 2025] [::1]:60845 [200]: GET /uploads/products/01_main_966241ad.webp
[Sun Dec  7 18:39:11 2025] [::1]:60846 [200]: GET /uploads/products/01_main_cfb20020.webp
[Sun Dec  7 18:39:11 2025] [::1]:60847 [200]: GET /uploads/products/01_main_0f55306f.webp
[Sun Dec  7 18:39:11 2025] [::1]:60845 Closing
[Sun Dec  7 18:39:11 2025] [::1]:60846 Closing
[Sun Dec  7 18:39:11 2025] [::1]:60847 Closing
[Sun Dec  7 18:39:11 2025] [::1]:60849 Accepted
[Sun Dec  7 18:39:11 2025] [::1]:60850 Accepted
[Sun Dec  7 18:39:11 2025] [::1]:60851 Accepted
[Sun Dec  7 18:39:11 2025] [::1]:60852 Accepted
[Sun Dec  7 18:39:11 2025] [::1]:60853 Accepted
[Sun Dec  7 18:39:11 2025] [::1]:60854 Accepted
[Sun Dec  7 18:39:11 2025] [::1]:60849 [200]: GET /uploads/products/02_var_515cf0bf.webp
[Sun Dec  7 18:39:11 2025] [::1]:60850 [200]: GET /uploads/products/04_var_3105c4a4.webp
[Sun Dec  7 18:39:11 2025] [::1]:60851 [200]: GET /uploads/products/03_var_a16534a5.webp
[Sun Dec  7 18:39:11 2025] [::1]:60849 Closing
[Sun Dec  7 18:39:11 2025] [::1]:60852 [200]: GET /uploads/products/05_var_ec1522dc.webp
[Sun Dec  7 18:39:11 2025] [::1]:60853 [200]: GET /uploads/products/06_var_8c091356.webp
[Sun Dec  7 18:39:11 2025] [::1]:60850 Closing
[Sun Dec  7 18:39:11 2025] [::1]:60854 [200]: GET /uploads/products/08_var_bc3d54e4.webp
[Sun Dec  7 18:39:11 2025] [::1]:60851 Closing
[Sun Dec  7 18:39:11 2025] [::1]:60853 Closing
[Sun Dec  7 18:39:11 2025] [::1]:60852 Closing
[Sun Dec  7 18:39:11 2025] [::1]:60854 Closing
[Sun Dec  7 18:39:11 2025] [::1]:60856 Accepted
[Sun Dec  7 18:39:11 2025] [::1]:60856 [200]: GET /uploads/products/07_var_9f30110b.webp
[Sun Dec  7 18:39:11 2025] [::1]:60856 Closing
[Sun Dec  7 18:39:11 2025] [::1]:60858 Accepted
[Sun Dec  7 18:39:11 2025] [::1]:60859 Accepted
[Sun Dec  7 18:39:11 2025] [::1]:60858 [200]: GET /uploads/products/01_main_966241ad.webp
[Sun Dec  7 18:39:11 2025] [::1]:60858 Closing
[Sun Dec  7 18:39:11 2025] [::1]:60859 [200]: GET /uploads/products/01_main_0f55306f.webp
[Sun Dec  7 18:39:11 2025] [::1]:60859 Closing
[Sun Dec  7 18:39:14 2025] [::1]:60927 Accepted
[Sun Dec  7 18:39:14 2025] [::1]:60927 [200]: GET /index.html
[Sun Dec  7 18:39:14 2025] [::1]:60927 Closing
[Sun Dec  7 18:39:14 2025] [::1]:60928 Accepted
[Sun Dec  7 18:39:14 2025] [::1]:60929 Accepted
[Sun Dec  7 18:39:14 2025] [::1]:60930 Accepted
[Sun Dec  7 18:39:14 2025] [::1]:60931 Accepted
[Sun Dec  7 18:39:14 2025] [::1]:60932 Accepted
[Sun Dec  7 18:39:14 2025] [::1]:60928 [200]: GET /Landing%20Page/styles.css
[Sun Dec  7 18:39:14 2025] [::1]:60929 [200]: GET /navbar/navbar.css
[Sun Dec  7 18:39:14 2025] [::1]:60930 [200]: GET /footer/footer.css
[Sun Dec  7 18:39:14 2025] [::1]:60931 [200]: GET /loading-screen/loading.js
[Sun Dec  7 18:39:14 2025] [::1]:60932 [200]: GET /loading-screen/loading.css
[Sun Dec  7 18:39:14 2025] [::1]:60928 Closing
[Sun Dec  7 18:39:14 2025] [::1]:60929 Closing
[Sun Dec  7 18:39:14 2025] [::1]:60930 Closing
[Sun Dec  7 18:39:14 2025] [::1]:60931 Closing
[Sun Dec  7 18:39:14 2025] [::1]:60932 Closing
[Sun Dec  7 18:39:14 2025] [::1]:60935 Accepted
[Sun Dec  7 18:39:14 2025] [::1]:60935 [200]: GET /navbar/navbar.js
[Sun Dec  7 18:39:14 2025] [::1]:60935 Closing
[Sun Dec  7 18:39:14 2025] [::1]:60936 Accepted
[Sun Dec  7 18:39:14 2025] [::1]:60937 Accepted
[Sun Dec  7 18:39:14 2025] [::1]:60936 [200]: GET /footer/footer.js
[Sun Dec  7 18:39:14 2025] [::1]:60936 Closing
[Sun Dec  7 18:39:14 2025] [::1]:60937 [200]: GET /Landing%20Page/script.js
[Sun Dec  7 18:39:14 2025] [::1]:60937 Closing
[Sun Dec  7 18:39:14 2025] [::1]:60938 Accepted
[Sun Dec  7 18:39:14 2025] [::1]:60939 Accepted
[Sun Dec  7 18:39:14 2025] [::1]:60938 [200]: GET /Landing%20Page/asset/IMG_4090.jpg
[Sun Dec  7 18:39:14 2025] [::1]:60939 [200]: GET /Landing%20Page/asset/IMG_4091.jpg
[Sun Dec  7 18:39:14 2025] [::1]:60938 Closing
[Sun Dec  7 18:39:14 2025] [::1]:60939 Closing
[Sun Dec  7 18:39:14 2025] [::1]:60940 Accepted
[Sun Dec  7 18:39:14 2025] [::1]:60940 [200]: GET /Landing%20Page/asset/IMG_4094.jpg
[Sun Dec  7 18:39:14 2025] [::1]:60941 Accepted
[Sun Dec  7 18:39:14 2025] [::1]:60941 [200]: GET /Landing%20Page/asset/Screenshot%202025-11-20%20153802.png
[Sun Dec  7 18:39:14 2025] [::1]:60941 Closing
[Sun Dec  7 18:39:14 2025] [::1]:60940 Closing
[Sun Dec  7 18:39:14 2025] [::1]:60942 Accepted
[Sun Dec  7 18:39:14 2025] [::1]:60942 [200]: GET /Landing%20Page/asset/IMG_4095.jpg
[Sun Dec  7 18:39:14 2025] [::1]:60943 Accepted
[Sun Dec  7 18:39:14 2025] [::1]:60943 [200]: GET /Landing%20Page/asset/IMG_4098.jpg
[Sun Dec  7 18:39:14 2025] [::1]:60942 Closing
[Sun Dec  7 18:39:14 2025] [::1]:60943 Closing
[Sun Dec  7 18:39:14 2025] [::1]:60945 Accepted
[Sun Dec  7 18:39:14 2025] [::1]:60946 Accepted
[Sun Dec  7 18:39:14 2025] [::1]:60945 [200]: GET /Landing%20Page/asset/IMG_4099.jpg
[Sun Dec  7 18:39:14 2025] [::1]:60946 [200]: GET /logo.png
[Sun Dec  7 18:39:14 2025] [::1]:60946 Closing
[Sun Dec  7 18:39:14 2025] [::1]:60945 Closing
[Sun Dec  7 18:39:19 2025] [::1]:61056 Accepted
[Sun Dec  7 18:39:19 2025] [::1]:61056 [200]: GET /Product/product.html
[Sun Dec  7 18:39:19 2025] [::1]:61056 Closing
[Sun Dec  7 18:39:19 2025] [::1]:61057 Accepted
[Sun Dec  7 18:39:19 2025] [::1]:61058 Accepted
[Sun Dec  7 18:39:19 2025] [::1]:61059 Accepted
[Sun Dec  7 18:39:19 2025] [::1]:61060 Accepted
[Sun Dec  7 18:39:19 2025] [::1]:61061 Accepted
[Sun Dec  7 18:39:19 2025] [::1]:61062 Accepted
[Sun Dec  7 18:39:19 2025] [::1]:61057 [200]: GET /Product/product.css
[Sun Dec  7 18:39:19 2025] [::1]:61058 [200]: GET /loading-screen/loading.js
[Sun Dec  7 18:39:19 2025] [::1]:61059 [200]: GET /Product/products.js?v=2
[Sun Dec  7 18:39:19 2025] [::1]:61060 [200]: GET /Product/product.js
[Sun Dec  7 18:39:19 2025] [::1]:61061 [200]: GET /Landing%20Page/styles.css
[Sun Dec  7 18:39:19 2025] [::1]:61062 [200]: GET /navbar/navbar.css
[Sun Dec  7 18:39:19 2025] [::1]:61064 Accepted
[Sun Dec  7 18:39:19 2025] [::1]:61065 Accepted
[Sun Dec  7 18:39:19 2025] [::1]:61057 Closing
[Sun Dec  7 18:39:19 2025] [::1]:61058 Closing
[Sun Dec  7 18:39:19 2025] [::1]:61059 Closing
[Sun Dec  7 18:39:19 2025] [::1]:61060 Closing
[Sun Dec  7 18:39:19 2025] [::1]:61064 [200]: GET /footer/footer.css
[Sun Dec  7 18:39:19 2025] [::1]:61066 Accepted
[Sun Dec  7 18:39:19 2025] [::1]:61061 Closing
[Sun Dec  7 18:39:19 2025] [::1]:61062 Closing
[Sun Dec  7 18:39:19 2025] [::1]:61065 [200]: GET /navbar/navbar.js
[Sun Dec  7 18:39:19 2025] [::1]:61067 Accepted
[Sun Dec  7 18:39:19 2025] [::1]:61066 [200]: GET /footer/footer.js
[Sun Dec  7 18:39:19 2025] [::1]:61068 Accepted
[Sun Dec  7 18:39:19 2025] [::1]:61067 [200]: GET /ui/grass.js
[Sun Dec  7 18:39:19 2025] [::1]:61064 Closing
[Sun Dec  7 18:39:19 2025] [::1]:61068 [200]: GET /loading-screen/loading.css
[Sun Dec  7 18:39:19 2025] [::1]:61065 Closing
[Sun Dec  7 18:39:19 2025] [::1]:61066 Closing
[Sun Dec  7 18:39:19 2025] [::1]:61067 Closing
[Sun Dec  7 18:39:19 2025] [::1]:61068 Closing
[Sun Dec  7 18:39:19 2025] [::1]:61070 Accepted
[Sun Dec  7 18:39:19 2025] [::1]:61070 [200]: GET /logo.png
[Sun Dec  7 18:39:19 2025] [::1]:61070 Closing
[Sun Dec  7 18:39:19 2025] [::1]:61073 Accepted
[Sun Dec  7 18:39:19 2025] [::1]:61074 Accepted
[Sun Dec  7 18:39:19 2025] [::1]:61073 [200]: GET /uploads/products/01_main_966241ad.webp
[Sun Dec  7 18:39:19 2025] [::1]:61075 Accepted
[Sun Dec  7 18:39:19 2025] [::1]:61074 [200]: GET /uploads/products/01_main_cfb20020.webp
[Sun Dec  7 18:39:19 2025] [::1]:61075 [200]: GET /uploads/products/01_main_0f55306f.webp
[Sun Dec  7 18:39:19 2025] [::1]:61073 Closing
[Sun Dec  7 18:39:19 2025] [::1]:61074 Closing
[Sun Dec  7 18:39:19 2025] [::1]:61075 Closing
[Sun Dec  7 18:39:20 2025] [::1]:61102 Accepted
[Sun Dec  7 18:39:20 2025] [::1]:61102 [200]: GET /Cart/cart.html
[Sun Dec  7 18:39:20 2025] [::1]:61102 Closing
[Sun Dec  7 18:39:20 2025] [::1]:61103 Accepted
[Sun Dec  7 18:39:20 2025] [::1]:61104 Accepted
[Sun Dec  7 18:39:20 2025] [::1]:61105 Accepted
[Sun Dec  7 18:39:20 2025] [::1]:61106 Accepted
[Sun Dec  7 18:39:20 2025] [::1]:61107 Accepted
[Sun Dec  7 18:39:20 2025] [::1]:61108 Accepted
[Sun Dec  7 18:39:20 2025] [::1]:61103 [200]: GET /Cart/cart.css
[Sun Dec  7 18:39:20 2025] [::1]:61104 [200]: GET /ui/toast.css?v=1
[Sun Dec  7 18:39:20 2025] [::1]:61105 [200]: GET /ui/modal.css?v=1
[Sun Dec  7 18:39:20 2025] [::1]:61103 Closing
[Sun Dec  7 18:39:20 2025] [::1]:61106 [200]: GET /Landing%20Page/styles.css
[Sun Dec  7 18:39:20 2025] [::1]:61107 [200]: GET /navbar/navbar.css
[Sun Dec  7 18:39:20 2025] [::1]:61108 [200]: GET /footer/footer.css
[Sun Dec  7 18:39:20 2025] [::1]:61109 Accepted
[Sun Dec  7 18:39:20 2025] [::1]:61104 Closing
[Sun Dec  7 18:39:20 2025] [::1]:61105 Closing
[Sun Dec  7 18:39:20 2025] [::1]:61106 Closing
[Sun Dec  7 18:39:20 2025] [::1]:61107 Closing
[Sun Dec  7 18:39:20 2025] [::1]:61108 Closing
[Sun Dec  7 18:39:20 2025] [::1]:61109 [200]: GET /loading-screen/loading.js
[Sun Dec  7 18:39:20 2025] [::1]:61109 Closing
[Sun Dec  7 18:39:20 2025] [::1]:61110 Accepted
[Sun Dec  7 18:39:20 2025] [::1]:61111 Accepted
[Sun Dec  7 18:39:20 2025] [::1]:61112 Accepted
[Sun Dec  7 18:39:20 2025] [::1]:61113 Accepted
[Sun Dec  7 18:39:20 2025] [::1]:61114 Accepted
[Sun Dec  7 18:39:20 2025] [::1]:61110 [200]: GET /navbar/navbar.js
[Sun Dec  7 18:39:20 2025] [::1]:61110 Closing
[Sun Dec  7 18:39:20 2025] [::1]:61115 Accepted
[Sun Dec  7 18:39:20 2025] [::1]:61111 [200]: GET /footer/footer.js
[Sun Dec  7 18:39:20 2025] [::1]:61111 Closing
[Sun Dec  7 18:39:20 2025] [::1]:61112 [200]: GET /ui/grass.js
[Sun Dec  7 18:39:20 2025] [::1]:61112 Closing
[Sun Dec  7 18:39:20 2025] [::1]:61113 [200]: GET /ui/toast.js?v=1
[Sun Dec  7 18:39:20 2025] [::1]:61113 Closing
[Sun Dec  7 18:39:20 2025] [::1]:61114 [200]: GET /ui/modal.js?v=1
[Sun Dec  7 18:39:20 2025] [::1]:61114 Closing
[Sun Dec  7 18:39:20 2025] [::1]:61115 [200]: GET /Cart/cart.js?v=2
[Sun Dec  7 18:39:20 2025] [::1]:61115 Closing
[Sun Dec  7 18:39:20 2025] [::1]:61116 Accepted
[Sun Dec  7 18:39:20 2025] [::1]:61116 [200]: GET /loading-screen/loading.css
[Sun Dec  7 18:39:20 2025] [::1]:61116 Closing
[Sun Dec  7 18:39:20 2025] [::1]:61117 Accepted
[Sun Dec  7 18:39:20 2025] [::1]:61117 [200]: GET /logo.png
[Sun Dec  7 18:39:20 2025] [::1]:61117 Closing
[Sun Dec  7 18:39:24 2025] [::1]:61216 Accepted
[Sun Dec  7 18:39:24 2025] [::1]:61216 [200]: GET /contacts/contacts.html
[Sun Dec  7 18:39:24 2025] [::1]:61216 Closing
[Sun Dec  7 18:39:24 2025] [::1]:61218 Accepted
[Sun Dec  7 18:39:24 2025] [::1]:61219 Accepted
[Sun Dec  7 18:39:24 2025] [::1]:61220 Accepted
[Sun Dec  7 18:39:24 2025] [::1]:61221 Accepted
[Sun Dec  7 18:39:24 2025] [::1]:61222 Accepted
[Sun Dec  7 18:39:24 2025] [::1]:61223 Accepted
[Sun Dec  7 18:39:24 2025] [::1]:61218 [200]: GET /contacts/contacts.css
[Sun Dec  7 18:39:24 2025] [::1]:61219 [200]: GET /navbar/navbar.css
[Sun Dec  7 18:39:24 2025] [::1]:61218 Closing
[Sun Dec  7 18:39:24 2025] [::1]:61220 [200]: GET /footer/footer.css
[Sun Dec  7 18:39:24 2025] [::1]:61221 [200]: GET /loading-screen/loading.js
[Sun Dec  7 18:39:24 2025] [::1]:61222 [200]: GET /loading-screen/loading.css
[Sun Dec  7 18:39:24 2025] [::1]:61223 [200]: GET /navbar/navbar.js
[Sun Dec  7 18:39:24 2025] [::1]:61219 Closing
[Sun Dec  7 18:39:24 2025] [::1]:61220 Closing
[Sun Dec  7 18:39:24 2025] [::1]:61221 Closing
[Sun Dec  7 18:39:24 2025] [::1]:61222 Closing
[Sun Dec  7 18:39:24 2025] [::1]:61223 Closing
[Sun Dec  7 18:39:24 2025] [::1]:61224 Accepted
[Sun Dec  7 18:39:24 2025] [::1]:61224 [200]: GET /footer/footer.js
[Sun Dec  7 18:39:24 2025] [::1]:61224 Closing
[Sun Dec  7 18:39:24 2025] [::1]:61226 Accepted
[Sun Dec  7 18:39:24 2025] [::1]:61226 [200]: GET /ui/grass.js
[Sun Dec  7 18:39:24 2025] [::1]:61226 Closing
[Sun Dec  7 18:39:24 2025] [::1]:61228 Accepted
[Sun Dec  7 18:39:24 2025] [::1]:61228 [200]: GET /logo.png
[Sun Dec  7 18:39:24 2025] [::1]:61228 Closing
[Sun Dec  7 18:39:29 2025] [::1]:61333 Accepted
[Sun Dec  7 18:39:29 2025] [::1]:61333 [200]: GET /Product/product.html
[Sun Dec  7 18:39:29 2025] [::1]:61333 Closing
[Sun Dec  7 18:39:29 2025] [::1]:61334 Accepted
[Sun Dec  7 18:39:29 2025] [::1]:61335 Accepted
[Sun Dec  7 18:39:29 2025] [::1]:61336 Accepted
[Sun Dec  7 18:39:29 2025] [::1]:61337 Accepted
[Sun Dec  7 18:39:29 2025] [::1]:61338 Accepted
[Sun Dec  7 18:39:29 2025] [::1]:61334 [200]: GET /Product/product.css
[Sun Dec  7 18:39:29 2025] [::1]:61339 Accepted
[Sun Dec  7 18:39:29 2025] [::1]:61334 Closing
[Sun Dec  7 18:39:29 2025] [::1]:61335 [200]: GET /loading-screen/loading.js
[Sun Dec  7 18:39:29 2025] [::1]:61336 [200]: GET /Product/products.js?v=2
[Sun Dec  7 18:39:29 2025] [::1]:61335 Closing
[Sun Dec  7 18:39:29 2025] [::1]:61337 [200]: GET /Product/product.js
[Sun Dec  7 18:39:29 2025] [::1]:61336 Closing
[Sun Dec  7 18:39:29 2025] [::1]:61338 [200]: GET /Landing%20Page/styles.css
[Sun Dec  7 18:39:29 2025] [::1]:61339 [200]: GET /navbar/navbar.css
[Sun Dec  7 18:39:29 2025] [::1]:61337 Closing
[Sun Dec  7 18:39:29 2025] [::1]:61338 Closing
[Sun Dec  7 18:39:29 2025] [::1]:61339 Closing
[Sun Dec  7 18:39:29 2025] [::1]:61340 Accepted
[Sun Dec  7 18:39:29 2025] [::1]:61341 Accepted
[Sun Dec  7 18:39:29 2025] [::1]:61342 Accepted
[Sun Dec  7 18:39:29 2025] [::1]:61340 [200]: GET /footer/footer.css
[Sun Dec  7 18:39:29 2025] [::1]:61340 Closing
[Sun Dec  7 18:39:29 2025] [::1]:61343 Accepted
[Sun Dec  7 18:39:29 2025] [::1]:61341 [200]: GET /loading-screen/loading.css
[Sun Dec  7 18:39:29 2025] [::1]:61341 Closing
[Sun Dec  7 18:39:29 2025] [::1]:61344 Accepted
[Sun Dec  7 18:39:29 2025] [::1]:61342 [200]: GET /navbar/navbar.js
[Sun Dec  7 18:39:29 2025] [::1]:61342 Closing
[Sun Dec  7 18:39:29 2025] [::1]:61343 [200]: GET /footer/footer.js
[Sun Dec  7 18:39:29 2025] [::1]:61344 [200]: GET /ui/grass.js
[Sun Dec  7 18:39:29 2025] [::1]:61343 Closing
[Sun Dec  7 18:39:29 2025] [::1]:61344 Closing
[Sun Dec  7 18:39:29 2025] [::1]:61345 Accepted
[Sun Dec  7 18:39:29 2025] [::1]:61345 [200]: GET /logo.png
[Sun Dec  7 18:39:29 2025] [::1]:61345 Closing
[Sun Dec  7 18:39:29 2025] [::1]:61351 Accepted
[Sun Dec  7 18:39:29 2025] [::1]:61352 Accepted
[Sun Dec  7 18:39:29 2025] [::1]:61353 Accepted
[Sun Dec  7 18:39:29 2025] [::1]:61351 [200]: GET /uploads/products/01_main_966241ad.webp
[Sun Dec  7 18:39:29 2025] [::1]:61352 [200]: GET /uploads/products/01_main_cfb20020.webp
[Sun Dec  7 18:39:29 2025] [::1]:61353 [200]: GET /uploads/products/01_main_0f55306f.webp
[Sun Dec  7 18:39:29 2025] [::1]:61351 Closing
[Sun Dec  7 18:39:29 2025] [::1]:61352 Closing
[Sun Dec  7 18:39:29 2025] [::1]:61353 Closing
[Sun Dec  7 18:39:32 2025] [::1]:61431 Accepted
[Sun Dec  7 18:39:32 2025] [::1]:61431 [200]: GET /Produk_detail.html?id=2
[Sun Dec  7 18:39:32 2025] [::1]:61431 Closing
[Sun Dec  7 18:39:32 2025] [::1]:61434 Accepted
[Sun Dec  7 18:39:32 2025] [::1]:61435 Accepted
[Sun Dec  7 18:39:32 2025] [::1]:61436 Accepted
[Sun Dec  7 18:39:32 2025] [::1]:61437 Accepted
[Sun Dec  7 18:39:32 2025] [::1]:61438 Accepted
[Sun Dec  7 18:39:32 2025] [::1]:61439 Accepted
[Sun Dec  7 18:39:32 2025] [::1]:61434 [200]: GET /Produk_detail/Produk_detail.css?v=8
[Sun Dec  7 18:39:32 2025] [::1]:61435 [200]: GET /ui/toast.css?v=1
[Sun Dec  7 18:39:32 2025] [::1]:61436 [200]: GET /navbar/navbar.css
[Sun Dec  7 18:39:32 2025] [::1]:61434 Closing
[Sun Dec  7 18:39:32 2025] [::1]:61437 [200]: GET /footer/footer.css
[Sun Dec  7 18:39:32 2025] [::1]:61438 [200]: GET /Product/product.css
[Sun Dec  7 18:39:32 2025] [::1]:61439 [200]: GET /loading-screen/loading.js
[Sun Dec  7 18:39:32 2025] [::1]:61440 Accepted
[Sun Dec  7 18:39:32 2025] [::1]:61435 Closing
[Sun Dec  7 18:39:32 2025] [::1]:61436 Closing
[Sun Dec  7 18:39:32 2025] [::1]:61437 Closing
[Sun Dec  7 18:39:32 2025] [::1]:61438 Closing
[Sun Dec  7 18:39:32 2025] [::1]:61439 Closing
[Sun Dec  7 18:39:32 2025] [::1]:61440 [200]: GET /navbar/navbar.js
[Sun Dec  7 18:39:32 2025] [::1]:61440 Closing
[Sun Dec  7 18:39:32 2025] [::1]:61441 Accepted
[Sun Dec  7 18:39:32 2025] [::1]:61442 Accepted
[Sun Dec  7 18:39:32 2025] [::1]:61443 Accepted
[Sun Dec  7 18:39:32 2025] [::1]:61444 Accepted
[Sun Dec  7 18:39:32 2025] [::1]:61445 Accepted
[Sun Dec  7 18:39:32 2025] [::1]:61441 [200]: GET /footer/footer.js
[Sun Dec  7 18:39:32 2025] [::1]:61441 Closing
[Sun Dec  7 18:39:32 2025] [::1]:61446 Accepted
[Sun Dec  7 18:39:32 2025] [::1]:61442 [200]: GET /loading-screen/loading.css
[Sun Dec  7 18:39:32 2025] [::1]:61442 Closing
[Sun Dec  7 18:39:32 2025] [::1]:61443 [200]: GET /Product/products.js?v=2
[Sun Dec  7 18:39:32 2025] [::1]:61444 [200]: GET /Product/product.js?v=1
[Sun Dec  7 18:39:32 2025] [::1]:61443 Closing
[Sun Dec  7 18:39:32 2025] [::1]:61445 [200]: GET /Produk_detail/Produk_detail.js?v=7
[Sun Dec  7 18:39:32 2025] [::1]:61446 [200]: GET /ui/toast.js?v=1
[Sun Dec  7 18:39:32 2025] [::1]:61444 Closing
[Sun Dec  7 18:39:32 2025] [::1]:61445 Closing
[Sun Dec  7 18:39:32 2025] [::1]:61446 Closing
[Sun Dec  7 18:39:32 2025] [::1]:61447 Accepted
[Sun Dec  7 18:39:32 2025] [::1]:61447 [200]: GET /logo.png
[Sun Dec  7 18:39:32 2025] [::1]:61447 Closing
[Sun Dec  7 18:39:32 2025] [::1]:61453 Accepted
[Sun Dec  7 18:39:32 2025] [::1]:61454 Accepted
[Sun Dec  7 18:39:32 2025] [::1]:61455 Accepted
[Sun Dec  7 18:39:32 2025] [::1]:61453 [200]: GET /uploads/products/01_main_966241ad.webp
[Sun Dec  7 18:39:32 2025] [::1]:61453 Closing
[Sun Dec  7 18:39:32 2025] [::1]:61454 [200]: GET /uploads/products/01_main_cfb20020.webp
[Sun Dec  7 18:39:32 2025] [::1]:61454 Closing
[Sun Dec  7 18:39:32 2025] [::1]:61455 [200]: GET /uploads/products/01_main_0f55306f.webp
[Sun Dec  7 18:39:32 2025] [::1]:61455 Closing
[Sun Dec  7 18:39:33 2025] [::1]:61458 Accepted
[Sun Dec  7 18:39:33 2025] [::1]:61460 Accepted
[Sun Dec  7 18:39:33 2025] [::1]:61462 Accepted
[Sun Dec  7 18:39:33 2025] [::1]:61463 Accepted
[Sun Dec  7 18:39:33 2025] [::1]:61464 Accepted
[Sun Dec  7 18:39:33 2025] [::1]:61465 Accepted
[Sun Dec  7 18:39:33 2025] [::1]:61458 [200]: GET /uploads/products/02_var_515cf0bf.webp
[Sun Dec  7 18:39:33 2025] [::1]:61458 Closing
[Sun Dec  7 18:39:33 2025] [::1]:61460 [200]: GET /uploads/products/04_var_3105c4a4.webp
[Sun Dec  7 18:39:33 2025] [::1]:61462 [200]: GET /uploads/products/03_var_a16534a5.webp
[Sun Dec  7 18:39:33 2025] [::1]:61463 [200]: GET /uploads/products/05_var_ec1522dc.webp
[Sun Dec  7 18:39:33 2025] [::1]:61464 [200]: GET /uploads/products/06_var_8c091356.webp
[Sun Dec  7 18:39:33 2025] [::1]:61460 Closing
[Sun Dec  7 18:39:33 2025] [::1]:61462 Closing
[Sun Dec  7 18:39:33 2025] [::1]:61465 [200]: GET /uploads/products/08_var_bc3d54e4.webp
[Sun Dec  7 18:39:33 2025] [::1]:61463 Closing
[Sun Dec  7 18:39:33 2025] [::1]:61464 Closing
[Sun Dec  7 18:39:33 2025] [::1]:61465 Closing
[Sun Dec  7 18:39:33 2025] [::1]:61466 Accepted
[Sun Dec  7 18:39:33 2025] [::1]:61466 [200]: GET /uploads/products/07_var_9f30110b.webp
[Sun Dec  7 18:39:33 2025] [::1]:61466 Closing
[Sun Dec  7 18:39:33 2025] [::1]:61467 Accepted
[Sun Dec  7 18:39:33 2025] [::1]:61468 Accepted
[Sun Dec  7 18:39:33 2025] [::1]:61467 [200]: GET /uploads/products/01_main_0f55306f.webp
[Sun Dec  7 18:39:33 2025] [::1]:61468 [200]: GET /uploads/products/01_main_966241ad.webp
[Sun Dec  7 18:39:33 2025] [::1]:61467 Closing
[Sun Dec  7 18:39:33 2025] [::1]:61468 Closing
[Sun Dec  7 18:41:30 2025] [::1]:64238 Accepted
[Sun Dec  7 18:41:30 2025] [::1]:64238 [200]: GET /Produk_detail.html?id=2
[Sun Dec  7 18:41:30 2025] [::1]:64238 Closing
[Sun Dec  7 18:41:30 2025] [::1]:64241 Accepted
[Sun Dec  7 18:41:30 2025] [::1]:64242 Accepted
[Sun Dec  7 18:41:30 2025] [::1]:64243 Accepted
[Sun Dec  7 18:41:30 2025] [::1]:64244 Accepted
[Sun Dec  7 18:41:30 2025] [::1]:64245 Accepted
[Sun Dec  7 18:41:30 2025] [::1]:64241 [200]: GET /Produk_detail/Produk_detail.css?v=8
[Sun Dec  7 18:41:30 2025] [::1]:64242 [200]: GET /ui/toast.css?v=1
[Sun Dec  7 18:41:30 2025] [::1]:64243 [200]: GET /navbar/navbar.css
[Sun Dec  7 18:41:30 2025] [::1]:64244 [200]: GET /footer/footer.css
[Sun Dec  7 18:41:30 2025] [::1]:64247 Accepted
[Sun Dec  7 18:41:30 2025] [::1]:64241 Closing
[Sun Dec  7 18:41:30 2025] [::1]:64245 [200]: GET /Product/product.css
[Sun Dec  7 18:41:30 2025] [::1]:64248 Accepted
[Sun Dec  7 18:41:30 2025] [::1]:64242 Closing
[Sun Dec  7 18:41:30 2025] [::1]:64243 Closing
[Sun Dec  7 18:41:30 2025] [::1]:64247 [200]: GET /loading-screen/loading.js
[Sun Dec  7 18:41:30 2025] [::1]:64244 Closing
[Sun Dec  7 18:41:30 2025] [::1]:64248 [200]: GET /loading-screen/loading.css
[Sun Dec  7 18:41:30 2025] [::1]:64249 Accepted
[Sun Dec  7 18:41:30 2025] [::1]:64245 Closing
[Sun Dec  7 18:41:30 2025] [::1]:64250 Accepted
[Sun Dec  7 18:41:30 2025] [::1]:64247 Closing
[Sun Dec  7 18:41:30 2025] [::1]:64248 Closing
[Sun Dec  7 18:41:30 2025] [::1]:64249 [200]: GET /navbar/navbar.js
[Sun Dec  7 18:41:30 2025] [::1]:64249 Closing
[Sun Dec  7 18:41:30 2025] [::1]:64250 [200]: GET /footer/footer.js
[Sun Dec  7 18:41:30 2025] [::1]:64251 Accepted
[Sun Dec  7 18:41:30 2025] [::1]:64250 Closing
[Sun Dec  7 18:41:30 2025] [::1]:64252 Accepted
[Sun Dec  7 18:41:30 2025] [::1]:64251 [200]: GET /Product/products.js?v=2
[Sun Dec  7 18:41:30 2025] [::1]:64251 Closing
[Sun Dec  7 18:41:30 2025] [::1]:64253 Accepted
[Sun Dec  7 18:41:30 2025] [::1]:64254 Accepted
[Sun Dec  7 18:41:30 2025] [::1]:64252 [200]: GET /Product/product.js?v=1
[Sun Dec  7 18:41:30 2025] [::1]:64252 Closing
[Sun Dec  7 18:41:30 2025] [::1]:64253 [200]: GET /Produk_detail/Produk_detail.js?v=7
[Sun Dec  7 18:41:30 2025] [::1]:64254 [200]: GET /ui/toast.js?v=1
[Sun Dec  7 18:41:30 2025] [::1]:64253 Closing
[Sun Dec  7 18:41:30 2025] [::1]:64254 Closing
[Sun Dec  7 18:41:30 2025] [::1]:64255 Accepted
[Sun Dec  7 18:41:30 2025] [::1]:64255 [200]: GET /logo.png
[Sun Dec  7 18:41:30 2025] [::1]:64255 Closing
[Sun Dec  7 18:41:30 2025] [::1]:64263 Accepted
[Sun Dec  7 18:41:30 2025] [::1]:64264 Accepted
[Sun Dec  7 18:41:30 2025] [::1]:64265 Accepted
[Sun Dec  7 18:41:30 2025] [::1]:64263 [200]: GET /uploads/products/01_main_966241ad.webp
[Sun Dec  7 18:41:30 2025] [::1]:64264 [200]: GET /uploads/products/01_main_cfb20020.webp
[Sun Dec  7 18:41:30 2025] [::1]:64265 [200]: GET /uploads/products/01_main_0f55306f.webp
[Sun Dec  7 18:41:30 2025] [::1]:64263 Closing
[Sun Dec  7 18:41:30 2025] [::1]:64264 Closing
[Sun Dec  7 18:41:30 2025] [::1]:64265 Closing
[Sun Dec  7 18:41:30 2025] [::1]:64269 Accepted
[Sun Dec  7 18:41:30 2025] [::1]:64270 Accepted
[Sun Dec  7 18:41:30 2025] [::1]:64271 Accepted
[Sun Dec  7 18:41:30 2025] [::1]:64272 Accepted
[Sun Dec  7 18:41:30 2025] [::1]:64273 Accepted
[Sun Dec  7 18:41:30 2025] [::1]:64274 Accepted
[Sun Dec  7 18:41:30 2025] [::1]:64269 [200]: GET /uploads/products/02_var_515cf0bf.webp
[Sun Dec  7 18:41:30 2025] [::1]:64270 [200]: GET /uploads/products/04_var_3105c4a4.webp
[Sun Dec  7 18:41:30 2025] [::1]:64271 [200]: GET /uploads/products/03_var_a16534a5.webp
[Sun Dec  7 18:41:30 2025] [::1]:64272 [200]: GET /uploads/products/05_var_ec1522dc.webp
[Sun Dec  7 18:41:30 2025] [::1]:64273 [200]: GET /uploads/products/06_var_8c091356.webp
[Sun Dec  7 18:41:30 2025] [::1]:64269 Closing
[Sun Dec  7 18:41:30 2025] [::1]:64274 [200]: GET /uploads/products/08_var_bc3d54e4.webp
[Sun Dec  7 18:41:30 2025] [::1]:64275 Accepted
[Sun Dec  7 18:41:30 2025] [::1]:64270 Closing
[Sun Dec  7 18:41:30 2025] [::1]:64271 Closing
[Sun Dec  7 18:41:30 2025] [::1]:64273 Closing
[Sun Dec  7 18:41:30 2025] [::1]:64272 Closing
[Sun Dec  7 18:41:30 2025] [::1]:64274 Closing
[Sun Dec  7 18:41:30 2025] [::1]:64275 [200]: GET /uploads/products/07_var_9f30110b.webp
[Sun Dec  7 18:41:30 2025] [::1]:64275 Closing
[Sun Dec  7 18:41:30 2025] [::1]:64277 Accepted
[Sun Dec  7 18:41:30 2025] [::1]:64278 Accepted
[Sun Dec  7 18:41:30 2025] [::1]:64277 [200]: GET /uploads/products/01_main_966241ad.webp
[Sun Dec  7 18:41:30 2025] [::1]:64278 [200]: GET /uploads/products/01_main_0f55306f.webp
[Sun Dec  7 18:41:30 2025] [::1]:64277 Closing
[Sun Dec  7 18:41:30 2025] [::1]:64278 Closing
[Sun Dec  7 18:44:46 2025] [::1]:52510 Accepted
[Sun Dec  7 18:44:46 2025] [::1]:52511 Accepted
[Sun Dec  7 18:44:46 2025] [::1]:52510 [200]: GET /Produk_detail/Produk_detail.css?v=8
[Sun Dec  7 18:44:46 2025] [::1]:52512 Accepted
[Sun Dec  7 18:44:46 2025] [::1]:52511 [200]: GET /ui/toast.css?v=1
[Sun Dec  7 18:44:46 2025] [::1]:52513 Accepted
[Sun Dec  7 18:44:46 2025] [::1]:52512 [200]: GET /navbar/navbar.css
[Sun Dec  7 18:44:46 2025] [::1]:52514 Accepted
[Sun Dec  7 18:44:46 2025] [::1]:52510 Closing
[Sun Dec  7 18:44:46 2025] [::1]:52513 [200]: GET /loading-screen/loading.css
[Sun Dec  7 18:44:46 2025] [::1]:52515 Accepted
[Sun Dec  7 18:44:46 2025] [::1]:52511 Closing
[Sun Dec  7 18:44:46 2025] [::1]:52514 [200]: GET /footer/footer.css
[Sun Dec  7 18:44:46 2025] [::1]:52518 Accepted
[Sun Dec  7 18:44:46 2025] [::1]:52515 [200]: GET /Product/product.css
[Sun Dec  7 18:44:46 2025] [::1]:52512 Closing
[Sun Dec  7 18:44:46 2025] [::1]:52518 [200]: GET /.well-known/appspecific/com.chrome.devtools.json
[Sun Dec  7 18:44:46 2025] [::1]:52513 Closing
[Sun Dec  7 18:44:46 2025] [::1]:52514 Closing
[Sun Dec  7 18:44:46 2025] [::1]:52515 Closing
[Sun Dec  7 18:44:46 2025] [::1]:52518 Closing
[Sun Dec  7 18:45:31 2025] [::1]:53767 Accepted
[Sun Dec  7 18:45:31 2025] [::1]:53767 [200]: GET /uploads/products/01_main_966241ad.webp
[Sun Dec  7 18:45:31 2025] [::1]:53767 Closing
[Sun Dec  7 18:45:32 2025] [::1]:53794 Accepted
[Sun Dec  7 18:45:32 2025] [::1]:53794 [200]: GET /uploads/products/02_var_c4ec1d83.webp
[Sun Dec  7 18:45:32 2025] [::1]:53794 Closing
[Sun Dec  7 18:45:33 2025] [::1]:53807 Accepted
[Sun Dec  7 18:45:33 2025] [::1]:53807 [200]: GET /uploads/products/04_var_a165882b.webp
[Sun Dec  7 18:45:33 2025] [::1]:53807 Closing
[Sun Dec  7 18:45:34 2025] [::1]:53852 Accepted
[Sun Dec  7 18:45:34 2025] [::1]:53852 [200]: GET /uploads/products/03_var_bd44d93d.webp
[Sun Dec  7 18:45:34 2025] [::1]:53852 Closing
[Sun Dec  7 18:45:35 2025] [::1]:53867 Accepted
[Sun Dec  7 18:45:35 2025] [::1]:53867 [200]: GET /uploads/products/05_var_55f05cc9.webp
[Sun Dec  7 18:45:35 2025] [::1]:53867 Closing
[Sun Dec  7 18:45:36 2025] [::1]:53897 Accepted
[Sun Dec  7 18:45:36 2025] [::1]:53897 [200]: GET /uploads/products/06_var_604682f4.webp
[Sun Dec  7 18:45:36 2025] [::1]:53897 Closing
[Sun Dec  7 18:45:36 2025] [::1]:53916 Accepted
[Sun Dec  7 18:45:36 2025] [::1]:53916 [200]: GET /uploads/products/08_var_1e747dda.webp
[Sun Dec  7 18:45:36 2025] [::1]:53916 Closing
[Sun Dec  7 18:45:38 2025] [::1]:53950 Accepted
[Sun Dec  7 18:45:38 2025] [::1]:53950 [200]: GET /uploads/products/07_var_a6580ae5.webp
[Sun Dec  7 18:45:38 2025] [::1]:53950 Closing
[Sun Dec  7 18:45:39 2025] [::1]:53975 Accepted
[Sun Dec  7 18:45:39 2025] [::1]:53975 [200]: GET /uploads/products/08_var_1e747dda.webp
[Sun Dec  7 18:45:39 2025] [::1]:53975 Closing
[Sun Dec  7 18:45:40 2025] [::1]:54006 Accepted
[Sun Dec  7 18:45:40 2025] [::1]:54006 [200]: GET /uploads/products/05_var_55f05cc9.webp
[Sun Dec  7 18:45:40 2025] [::1]:54006 Closing
[Sun Dec  7 18:45:40 2025] [::1]:54024 Accepted
[Sun Dec  7 18:45:40 2025] [::1]:54024 [200]: GET /uploads/products/03_var_bd44d93d.webp
[Sun Dec  7 18:45:40 2025] [::1]:54024 Closing
[Sun Dec  7 18:45:41 2025] [::1]:54051 Accepted
[Sun Dec  7 18:45:41 2025] [::1]:54051 [200]: GET /uploads/products/01_main_966241ad.webp
[Sun Dec  7 18:45:41 2025] [::1]:54051 Closing
[Sun Dec  7 18:45:42 2025] [::1]:54076 Accepted
[Sun Dec  7 18:45:42 2025] [::1]:54076 [200]: GET /uploads/products/04_var_a165882b.webp
[Sun Dec  7 18:45:42 2025] [::1]:54076 Closing
[Sun Dec  7 18:45:43 2025] [::1]:54090 Accepted
[Sun Dec  7 18:45:43 2025] [::1]:54090 [200]: GET /uploads/products/02_var_c4ec1d83.webp
[Sun Dec  7 18:45:43 2025] [::1]:54090 Closing
[Sun Dec  7 18:45:57 2025] [::1]:54497 Accepted
[Sun Dec  7 18:45:57 2025] [::1]:54497 [200]: GET /uploads/products/03_var_bd44d93d.webp
[Sun Dec  7 18:45:57 2025] [::1]:54497 Closing
[Sun Dec  7 18:45:59 2025] [::1]:54545 Accepted
[Sun Dec  7 18:45:59 2025] [::1]:54545 [200]: GET /uploads/products/04_var_a165882b.webp
[Sun Dec  7 18:45:59 2025] [::1]:54545 Closing
[Sun Dec  7 18:46:01 2025] [::1]:54587 Accepted
[Sun Dec  7 18:46:01 2025] [::1]:54587 [200]: GET /uploads/products/06_var_604682f4.webp
[Sun Dec  7 18:46:01 2025] [::1]:54587 Closing
[Sun Dec  7 18:46:02 2025] [::1]:54621 Accepted
[Sun Dec  7 18:46:02 2025] [::1]:54621 [200]: GET /uploads/products/05_var_55f05cc9.webp
[Sun Dec  7 18:46:02 2025] [::1]:54621 Closing
[Sun Dec  7 18:46:03 2025] [::1]:54647 Accepted
[Sun Dec  7 18:46:03 2025] [::1]:54647 [200]: GET /uploads/products/03_var_bd44d93d.webp
[Sun Dec  7 18:46:03 2025] [::1]:54647 Closing
[Sun Dec  7 18:46:03 2025] [::1]:54659 Accepted
[Sun Dec  7 18:46:03 2025] [::1]:54659 [200]: GET /uploads/products/02_var_c4ec1d83.webp
[Sun Dec  7 18:46:03 2025] [::1]:54659 Closing
[Sun Dec  7 18:46:08 2025] [::1]:54796 Accepted
[Sun Dec  7 18:46:08 2025] [::1]:54796 [200]: GET /uploads/products/01_main_966241ad.webp
[Sun Dec  7 18:46:08 2025] [::1]:54796 Closing
[Sun Dec  7 18:46:10 2025] [::1]:54845 Accepted
[Sun Dec  7 18:46:10 2025] [::1]:54845 [200]: GET /uploads/products/08_var_1e747dda.webp
[Sun Dec  7 18:46:10 2025] [::1]:54845 Closing
[Sun Dec  7 18:46:10 2025] [::1]:54862 Accepted
[Sun Dec  7 18:46:10 2025] [::1]:54862 [200]: GET /uploads/products/07_var_a6580ae5.webp
[Sun Dec  7 18:46:10 2025] [::1]:54862 Closing
[Sun Dec  7 18:46:11 2025] [::1]:54889 Accepted
[Sun Dec  7 18:46:11 2025] [::1]:54889 [200]: GET /uploads/products/04_var_a165882b.webp
[Sun Dec  7 18:46:11 2025] [::1]:54889 Closing
[Sun Dec  7 18:46:12 2025] [::1]:54901 Accepted
[Sun Dec  7 18:46:12 2025] [::1]:54901 [200]: GET /uploads/products/01_main_966241ad.webp
[Sun Dec  7 18:46:12 2025] [::1]:54901 Closing
[Sun Dec  7 18:46:12 2025] [::1]:54923 Accepted
[Sun Dec  7 18:46:12 2025] [::1]:54923 [200]: GET /uploads/products/02_var_c4ec1d83.webp
[Sun Dec  7 18:46:12 2025] [::1]:54923 Closing
[Sun Dec  7 18:46:16 2025] [::1]:55032 Accepted
[Sun Dec  7 18:46:16 2025] [::1]:55033 Accepted
[Sun Dec  7 18:46:16 2025] [::1]:55032 [200]: GET /.well-known/appspecific/com.chrome.devtools.json
[Sun Dec  7 18:46:16 2025] [::1]:55032 Closing
[Sun Dec  7 18:46:17 2025] [::1]:55033 [200]: GET /favicon.ico
[Sun Dec  7 18:46:17 2025] [::1]:55033 Closing
[Sun Dec  7 18:46:17 2025] [::1]:55038 Accepted
[Sun Dec  7 18:46:17 2025] [::1]:55039 Accepted
[Sun Dec  7 18:46:17 2025] [::1]:55040 Accepted
[Sun Dec  7 18:46:17 2025] [::1]:55038 [200]: GET /uploads/products/01_main_966241ad.webp
[Sun Dec  7 18:46:17 2025] [::1]:55038 Closing
[Sun Dec  7 18:46:17 2025] [::1]:55039 [200]: GET /uploads/products/01_main_cfb20020.webp
[Sun Dec  7 18:46:17 2025] [::1]:55040 [200]: GET /uploads/products/01_main_0f55306f.webp
[Sun Dec  7 18:46:17 2025] [::1]:55039 Closing
[Sun Dec  7 18:46:17 2025] [::1]:55040 Closing
[Sun Dec  7 18:46:17 2025] [::1]:55049 Accepted
[Sun Dec  7 18:46:17 2025] [::1]:55050 Accepted
[Sun Dec  7 18:46:17 2025] [::1]:55049 [200]: GET /uploads/products/02_var_5648290d.webp
[Sun Dec  7 18:46:17 2025] [::1]:55049 Closing
[Sun Dec  7 18:46:17 2025] [::1]:55051 Accepted
[Sun Dec  7 18:46:17 2025] [::1]:55050 [200]: GET /uploads/products/04_var_3855f4e3.webp
[Sun Dec  7 18:46:17 2025] [::1]:55052 Accepted
[Sun Dec  7 18:46:17 2025] [::1]:55051 [200]: GET /uploads/products/03_var_be6055a9.webp
[Sun Dec  7 18:46:17 2025] [::1]:55050 Closing
[Sun Dec  7 18:46:17 2025] [::1]:55051 Closing
[Sun Dec  7 18:46:17 2025] [::1]:55053 Accepted
[Sun Dec  7 18:46:17 2025] [::1]:55052 [200]: GET /uploads/products/05_var_78b12944.webp
[Sun Dec  7 18:46:17 2025] [::1]:55053 [200]: GET /uploads/products/06_var_55ca84cd.webp
[Sun Dec  7 18:46:17 2025] [::1]:55053 Closing
[Sun Dec  7 18:46:17 2025] [::1]:55052 Closing
[Sun Dec  7 18:47:05 2025] [::1]:56371 Accepted
[Sun Dec  7 18:47:05 2025] [::1]:56371 [200]: GET /uploads/products/04_var_3855f4e3.webp
[Sun Dec  7 18:47:05 2025] [::1]:56371 Closing
[Sun Dec  7 18:47:06 2025] [::1]:56397 Accepted
[Sun Dec  7 18:47:06 2025] [::1]:56397 [200]: GET /uploads/products/06_var_55ca84cd.webp
[Sun Dec  7 18:47:06 2025] [::1]:56397 Closing
[Sun Dec  7 18:47:07 2025] [::1]:56408 Accepted
[Sun Dec  7 18:47:07 2025] [::1]:56408 [200]: GET /uploads/products/05_var_78b12944.webp
[Sun Dec  7 18:47:07 2025] [::1]:56408 Closing
[Sun Dec  7 18:47:07 2025] [::1]:56419 Accepted
[Sun Dec  7 18:47:07 2025] [::1]:56419 [200]: GET /uploads/products/02_var_5648290d.webp
[Sun Dec  7 18:47:07 2025] [::1]:56419 Closing
[Sun Dec  7 18:47:08 2025] [::1]:56441 Accepted
[Sun Dec  7 18:47:08 2025] [::1]:56441 [200]: GET /uploads/products/03_var_be6055a9.webp
[Sun Dec  7 18:47:08 2025] [::1]:56441 Closing
[Sun Dec  7 18:47:16 2025] [::1]:56640 Accepted
[Sun Dec  7 18:47:16 2025] [::1]:56640 [200]: GET /Produk_detail.html?id=3
[Sun Dec  7 18:47:16 2025] [::1]:56640 Closing
[Sun Dec  7 18:47:16 2025] [::1]:56641 Accepted
[Sun Dec  7 18:47:16 2025] [::1]:56642 Accepted
[Sun Dec  7 18:47:16 2025] [::1]:56641 [200]: GET /Produk_detail/Produk_detail.css?v=8
[Sun Dec  7 18:47:16 2025] [::1]:56642 [200]: GET /ui/toast.css?v=1
[Sun Dec  7 18:47:16 2025] [::1]:56641 Closing
[Sun Dec  7 18:47:16 2025] [::1]:56642 Closing
[Sun Dec  7 18:47:16 2025] [::1]:56644 Accepted
[Sun Dec  7 18:47:16 2025] [::1]:56645 Accepted
[Sun Dec  7 18:47:16 2025] [::1]:56644 [200]: GET /navbar/navbar.css
[Sun Dec  7 18:47:16 2025] [::1]:56646 Accepted
[Sun Dec  7 18:47:16 2025] [::1]:56644 Closing
[Sun Dec  7 18:47:16 2025] [::1]:56645 [200]: GET /loading-screen/loading.css
[Sun Dec  7 18:47:16 2025] [::1]:56647 Accepted
[Sun Dec  7 18:47:16 2025] [::1]:56648 Accepted
[Sun Dec  7 18:47:16 2025] [::1]:56645 Closing
[Sun Dec  7 18:47:16 2025] [::1]:56647 [200]: GET /Product/product.css
[Sun Dec  7 18:47:16 2025] [::1]:56646 [200]: GET /footer/footer.css
[Sun Dec  7 18:47:16 2025] [::1]:56649 Accepted
[Sun Dec  7 18:47:16 2025] [::1]:56650 Accepted
[Sun Dec  7 18:47:16 2025] [::1]:56647 Closing
[Sun Dec  7 18:47:16 2025] [::1]:56646 Closing
[Sun Dec  7 18:47:16 2025] [::1]:56648 [200]: GET /logo.png
[Sun Dec  7 18:47:16 2025] [::1]:56649 [200]: GET /navbar/navbar.js
[Sun Dec  7 18:47:16 2025] [::1]:56651 Accepted
[Sun Dec  7 18:47:16 2025] [::1]:56650 [200]: GET /footer/footer.js
[Sun Dec  7 18:47:16 2025] [::1]:56652 Accepted
[Sun Dec  7 18:47:16 2025] [::1]:56651 [200]: GET /ui/toast.js?v=1
[Sun Dec  7 18:47:16 2025] [::1]:56653 Accepted
[Sun Dec  7 18:47:16 2025] [::1]:56648 Closing
[Sun Dec  7 18:47:16 2025] [::1]:56649 Closing
[Sun Dec  7 18:47:16 2025] [::1]:56652 [200]: GET /loading-screen/loading.js
[Sun Dec  7 18:47:16 2025] [::1]:56650 Closing
[Sun Dec  7 18:47:16 2025] [::1]:56651 Closing
[Sun Dec  7 18:47:16 2025] [::1]:56652 Closing
[Sun Dec  7 18:47:16 2025] [::1]:56654 Accepted
[Sun Dec  7 18:47:16 2025] [::1]:56653 [200]: GET /Product/products.js?v=2
[Sun Dec  7 18:47:16 2025] [::1]:56655 Accepted
[Sun Dec  7 18:47:16 2025] [::1]:56653 Closing
[Sun Dec  7 18:47:16 2025] [::1]:56654 [200]: GET /Product/product.js?v=1
[Sun Dec  7 18:47:16 2025] [::1]:56654 Closing
[Sun Dec  7 18:47:16 2025] [::1]:56655 [200]: GET /Produk_detail/Produk_detail.js?v=7
[Sun Dec  7 18:47:16 2025] [::1]:56655 Closing
[Sun Dec  7 18:47:16 2025] [::1]:56659 Accepted
[Sun Dec  7 18:47:16 2025] [::1]:56659 [200]: GET /favicon.ico
[Sun Dec  7 18:47:16 2025] [::1]:56659 Closing
[Sun Dec  7 18:47:16 2025] [::1]:56661 Accepted
[Sun Dec  7 18:47:16 2025] [::1]:56661 [200]: GET /uploads/products/01_main_966241ad.webp
[Sun Dec  7 18:47:17 2025] [::1]:56661 Closing
[Sun Dec  7 18:47:17 2025] [::1]:56662 Accepted
[Sun Dec  7 18:47:17 2025] [::1]:56663 Accepted
[Sun Dec  7 18:47:17 2025] [::1]:56664 Accepted
[Sun Dec  7 18:47:17 2025] [::1]:56662 [200]: GET /uploads/products/02_var_c4ec1d83.webp
[Sun Dec  7 18:47:17 2025] [::1]:56663 [200]: GET /uploads/products/04_var_a165882b.webp
[Sun Dec  7 18:47:17 2025] [::1]:56665 Accepted
[Sun Dec  7 18:47:17 2025] [::1]:56662 Closing
[Sun Dec  7 18:47:17 2025] [::1]:56664 [200]: GET /uploads/products/03_var_bd44d93d.webp
[Sun Dec  7 18:47:17 2025] [::1]:56666 Accepted
[Sun Dec  7 18:47:17 2025] [::1]:56663 Closing
[Sun Dec  7 18:47:17 2025] [::1]:56665 [200]: GET /uploads/products/05_var_55f05cc9.webp
[Sun Dec  7 18:47:17 2025] [::1]:56667 Accepted
[Sun Dec  7 18:47:17 2025] [::1]:56664 Closing
[Sun Dec  7 18:47:17 2025] [::1]:56666 [200]: GET /uploads/products/06_var_604682f4.webp
[Sun Dec  7 18:47:17 2025] [::1]:56668 Accepted
[Sun Dec  7 18:47:17 2025] [::1]:56667 [200]: GET /uploads/products/08_var_1e747dda.webp
[Sun Dec  7 18:47:17 2025] [::1]:56665 Closing
[Sun Dec  7 18:47:17 2025] [::1]:56669 Accepted
[Sun Dec  7 18:47:17 2025] [::1]:56668 [200]: GET /uploads/products/07_var_a6580ae5.webp
[Sun Dec  7 18:47:17 2025] [::1]:56666 Closing
[Sun Dec  7 18:47:17 2025] [::1]:56670 Accepted
[Sun Dec  7 18:47:17 2025] [::1]:56669 [200]: GET /uploads/products/01_main_0f55306f.webp
[Sun Dec  7 18:47:17 2025] [::1]:56670 [200]: GET /uploads/products/01_main_cfb20020.webp
[Sun Dec  7 18:47:17 2025] [::1]:56667 Closing
[Sun Dec  7 18:47:17 2025] [::1]:56668 Closing
[Sun Dec  7 18:47:17 2025] [::1]:56669 Closing
[Sun Dec  7 18:47:17 2025] [::1]:56670 Closing
[Sun Dec  7 18:47:19 2025] [::1]:56729 Accepted
[Sun Dec  7 18:47:19 2025] [::1]:56729 [200]: GET /Produk_detail.html?id=1
[Sun Dec  7 18:47:19 2025] [::1]:56729 Closing
[Sun Dec  7 18:47:19 2025] [::1]:56730 Accepted
[Sun Dec  7 18:47:19 2025] [::1]:56730 [200]: GET /Produk_detail/Produk_detail.css?v=8
[Sun Dec  7 18:47:19 2025] [::1]:56730 Closing
[Sun Dec  7 18:47:19 2025] [::1]:56732 Accepted
[Sun Dec  7 18:47:19 2025] [::1]:56733 Accepted
[Sun Dec  7 18:47:19 2025] [::1]:56734 Accepted
[Sun Dec  7 18:47:19 2025] [::1]:56732 [200]: GET /ui/toast.css?v=1
[Sun Dec  7 18:47:19 2025] [::1]:56732 Closing
[Sun Dec  7 18:47:19 2025] [::1]:56735 Accepted
[Sun Dec  7 18:47:19 2025] [::1]:56733 [200]: GET /navbar/navbar.css
[Sun Dec  7 18:47:19 2025] [::1]:56734 [200]: GET /loading-screen/loading.css
[Sun Dec  7 18:47:19 2025] [::1]:56733 Closing
[Sun Dec  7 18:47:19 2025] [::1]:56734 Closing
[Sun Dec  7 18:47:19 2025] [::1]:56736 Accepted
[Sun Dec  7 18:47:19 2025] [::1]:56735 [200]: GET /footer/footer.css
[Sun Dec  7 18:47:19 2025] [::1]:56735 Closing
[Sun Dec  7 18:47:19 2025] [::1]:56737 Accepted
[Sun Dec  7 18:47:19 2025] [::1]:56736 [200]: GET /Product/product.css
[Sun Dec  7 18:47:19 2025] [::1]:56738 Accepted
[Sun Dec  7 18:47:19 2025] [::1]:56736 Closing
[Sun Dec  7 18:47:19 2025] [::1]:56737 [200]: GET /logo.png
[Sun Dec  7 18:47:19 2025] [::1]:56737 Closing
[Sun Dec  7 18:47:19 2025] [::1]:56739 Accepted
[Sun Dec  7 18:47:19 2025] [::1]:56738 [200]: GET /navbar/navbar.js
[Sun Dec  7 18:47:19 2025] [::1]:56738 Closing
[Sun Dec  7 18:47:19 2025] [::1]:56740 Accepted
[Sun Dec  7 18:47:19 2025] [::1]:56739 [200]: GET /footer/footer.js
[Sun Dec  7 18:47:19 2025] [::1]:56739 Closing
[Sun Dec  7 18:47:19 2025] [::1]:56741 Accepted
[Sun Dec  7 18:47:19 2025] [::1]:56740 [200]: GET /ui/toast.js?v=1
[Sun Dec  7 18:47:19 2025] [::1]:56740 Closing
[Sun Dec  7 18:47:19 2025] [::1]:56742 Accepted
[Sun Dec  7 18:47:19 2025] [::1]:56741 [200]: GET /loading-screen/loading.js
[Sun Dec  7 18:47:19 2025] [::1]:56743 Accepted
[Sun Dec  7 18:47:19 2025] [::1]:56741 Closing
[Sun Dec  7 18:47:19 2025] [::1]:56742 [200]: GET /Product/products.js?v=2
[Sun Dec  7 18:47:19 2025] [::1]:56742 Closing
[Sun Dec  7 18:47:19 2025] [::1]:56744 Accepted
[Sun Dec  7 18:47:19 2025] [::1]:56743 [200]: GET /Product/product.js?v=1
[Sun Dec  7 18:47:19 2025] [::1]:56743 Closing
[Sun Dec  7 18:47:19 2025] [::1]:56744 [200]: GET /Produk_detail/Produk_detail.js?v=7
[Sun Dec  7 18:47:19 2025] [::1]:56744 Closing
[Sun Dec  7 18:47:19 2025] [::1]:56748 Accepted
[Sun Dec  7 18:47:19 2025] [::1]:56748 [200]: GET /favicon.ico
[Sun Dec  7 18:47:19 2025] [::1]:56748 Closing
[Sun Dec  7 18:47:19 2025] [::1]:56750 Accepted
[Sun Dec  7 18:47:19 2025] [::1]:56751 Accepted
[Sun Dec  7 18:47:19 2025] [::1]:56752 Accepted
[Sun Dec  7 18:47:19 2025] [::1]:56750 [200]: GET /uploads/products/01_main_966241ad.webp
[Sun Dec  7 18:47:19 2025] [::1]:56750 Closing
[Sun Dec  7 18:47:19 2025] [::1]:56753 Accepted
[Sun Dec  7 18:47:19 2025] [::1]:56751 [200]: GET /uploads/products/01_main_cfb20020.webp
[Sun Dec  7 18:47:19 2025] [::1]:56752 [200]: GET /uploads/products/01_main_0f55306f.webp
[Sun Dec  7 18:47:19 2025] [::1]:56754 Accepted
[Sun Dec  7 18:47:19 2025] [::1]:56753 [200]: GET /uploads/products/02_var_5648290d.webp
[Sun Dec  7 18:47:19 2025] [::1]:56751 Closing
[Sun Dec  7 18:47:19 2025] [::1]:56752 Closing
[Sun Dec  7 18:47:19 2025] [::1]:56755 Accepted
[Sun Dec  7 18:47:19 2025] [::1]:56753 Closing
[Sun Dec  7 18:47:19 2025] [::1]:56754 [200]: GET /uploads/products/04_var_3855f4e3.webp
[Sun Dec  7 18:47:19 2025] [::1]:56754 Closing
[Sun Dec  7 18:47:19 2025] [::1]:56756 Accepted
[Sun Dec  7 18:47:19 2025] [::1]:56755 [200]: GET /uploads/products/03_var_be6055a9.webp
[Sun Dec  7 18:47:19 2025] [::1]:56757 Accepted
[Sun Dec  7 18:47:19 2025] [::1]:56756 [200]: GET /uploads/products/05_var_78b12944.webp
[Sun Dec  7 18:47:19 2025] [::1]:56755 Closing
[Sun Dec  7 18:47:19 2025] [::1]:56756 Closing
[Sun Dec  7 18:47:19 2025] [::1]:56757 [200]: GET /uploads/products/06_var_55ca84cd.webp
[Sun Dec  7 18:47:19 2025] [::1]:56757 Closing
[Sun Dec  7 18:47:21 2025] [::1]:56798 Accepted
[Sun Dec  7 18:47:21 2025] [::1]:56798 [200]: GET /Produk_detail.html?id=2
[Sun Dec  7 18:47:21 2025] [::1]:56798 Closing
[Sun Dec  7 18:47:21 2025] [::1]:56799 Accepted
[Sun Dec  7 18:47:21 2025] [::1]:56800 Accepted
[Sun Dec  7 18:47:21 2025] [::1]:56802 Accepted
[Sun Dec  7 18:47:21 2025] [::1]:56799 [200]: GET /Produk_detail/Produk_detail.css?v=8
[Sun Dec  7 18:47:21 2025] [::1]:56800 [200]: GET /ui/toast.css?v=1
[Sun Dec  7 18:47:21 2025] [::1]:56803 Accepted
[Sun Dec  7 18:47:21 2025] [::1]:56802 [200]: GET /navbar/navbar.css
[Sun Dec  7 18:47:21 2025] [::1]:56804 Accepted
[Sun Dec  7 18:47:21 2025] [::1]:56803 [200]: GET /loading-screen/loading.css
[Sun Dec  7 18:47:21 2025] [::1]:56805 Accepted
[Sun Dec  7 18:47:21 2025] [::1]:56799 Closing
[Sun Dec  7 18:47:21 2025] [::1]:56800 Closing
[Sun Dec  7 18:47:21 2025] [::1]:56804 [200]: GET /footer/footer.css
[Sun Dec  7 18:47:21 2025] [::1]:56802 Closing
[Sun Dec  7 18:47:21 2025] [::1]:56805 [200]: GET /Product/product.css
[Sun Dec  7 18:47:21 2025] [::1]:56806 Accepted
[Sun Dec  7 18:47:21 2025] [::1]:56803 Closing
[Sun Dec  7 18:47:21 2025] [::1]:56807 Accepted
[Sun Dec  7 18:47:21 2025] [::1]:56804 Closing
[Sun Dec  7 18:47:21 2025] [::1]:56805 Closing
[Sun Dec  7 18:47:21 2025] [::1]:56808 Accepted
[Sun Dec  7 18:47:21 2025] [::1]:56806 [200]: GET /navbar/navbar.js
[Sun Dec  7 18:47:21 2025] [::1]:56807 [200]: GET /logo.png
[Sun Dec  7 18:47:21 2025] [::1]:56806 Closing
[Sun Dec  7 18:47:21 2025] [::1]:56809 Accepted
[Sun Dec  7 18:47:21 2025] [::1]:56807 Closing
[Sun Dec  7 18:47:21 2025] [::1]:56810 Accepted
[Sun Dec  7 18:47:21 2025] [::1]:56808 [200]: GET /footer/footer.js
[Sun Dec  7 18:47:21 2025] [::1]:56808 Closing
[Sun Dec  7 18:47:21 2025] [::1]:56811 Accepted
[Sun Dec  7 18:47:21 2025] [::1]:56812 Accepted
[Sun Dec  7 18:47:21 2025] [::1]:56809 [200]: GET /ui/toast.js?v=1
[Sun Dec  7 18:47:21 2025] [::1]:56811 [200]: GET /Product/products.js?v=2
[Sun Dec  7 18:47:21 2025] [::1]:56810 [200]: GET /loading-screen/loading.js
[Sun Dec  7 18:47:21 2025] [::1]:56812 [200]: GET /Product/product.js?v=1
[Sun Dec  7 18:47:21 2025] [::1]:56809 Closing
[Sun Dec  7 18:47:21 2025] [::1]:56813 Accepted
[Sun Dec  7 18:47:21 2025] [::1]:56811 Closing
[Sun Dec  7 18:47:21 2025] [::1]:56810 Closing
[Sun Dec  7 18:47:21 2025] [::1]:56812 Closing
[Sun Dec  7 18:47:21 2025] [::1]:56813 [200]: GET /Produk_detail/Produk_detail.js?v=7
[Sun Dec  7 18:47:21 2025] [::1]:56813 Closing
[Sun Dec  7 18:47:21 2025] [::1]:56815 Accepted
[Sun Dec  7 18:47:21 2025] [::1]:56815 [200]: GET /favicon.ico
[Sun Dec  7 18:47:21 2025] [::1]:56815 Closing
[Sun Dec  7 18:47:21 2025] [::1]:56816 Accepted
[Sun Dec  7 18:47:21 2025] [::1]:56817 Accepted
[Sun Dec  7 18:47:21 2025] [::1]:56818 Accepted
[Sun Dec  7 18:47:21 2025] [::1]:56816 [200]: GET /uploads/products/01_main_966241ad.webp
[Sun Dec  7 18:47:21 2025] [::1]:56816 Closing
[Sun Dec  7 18:47:21 2025] [::1]:56817 [200]: GET /uploads/products/01_main_cfb20020.webp
[Sun Dec  7 18:47:21 2025] [::1]:56817 Closing
[Sun Dec  7 18:47:21 2025] [::1]:56818 [200]: GET /uploads/products/01_main_0f55306f.webp
[Sun Dec  7 18:47:21 2025] [::1]:56818 Closing
[Sun Dec  7 18:47:21 2025] [::1]:56819 Accepted
[Sun Dec  7 18:47:21 2025] [::1]:56820 Accepted
[Sun Dec  7 18:47:21 2025] [::1]:56821 Accepted
[Sun Dec  7 18:47:21 2025] [::1]:56819 [200]: GET /uploads/products/02_var_515cf0bf.webp
[Sun Dec  7 18:47:21 2025] [::1]:56822 Accepted
[Sun Dec  7 18:47:21 2025] [::1]:56819 Closing
[Sun Dec  7 18:47:21 2025] [::1]:56820 [200]: GET /uploads/products/04_var_3105c4a4.webp
[Sun Dec  7 18:47:21 2025] [::1]:56821 [200]: GET /uploads/products/03_var_a16534a5.webp
[Sun Dec  7 18:47:21 2025] [::1]:56823 Accepted
[Sun Dec  7 18:47:21 2025] [::1]:56824 Accepted
[Sun Dec  7 18:47:21 2025] [::1]:56820 Closing
[Sun Dec  7 18:47:21 2025] [::1]:56821 Closing
[Sun Dec  7 18:47:21 2025] [::1]:56822 [200]: GET /uploads/products/05_var_ec1522dc.webp
[Sun Dec  7 18:47:21 2025] [::1]:56823 [200]: GET /uploads/products/06_var_8c091356.webp
[Sun Dec  7 18:47:21 2025] [::1]:56824 [200]: GET /uploads/products/08_var_bc3d54e4.webp
[Sun Dec  7 18:47:21 2025] [::1]:56823 Closing
[Sun Dec  7 18:47:21 2025] [::1]:56825 Accepted
[Sun Dec  7 18:47:21 2025] [::1]:56822 Closing
[Sun Dec  7 18:47:21 2025] [::1]:56824 Closing
[Sun Dec  7 18:47:21 2025] [::1]:56825 [200]: GET /uploads/products/07_var_9f30110b.webp
[Sun Dec  7 18:47:21 2025] [::1]:56825 Closing
[Sun Dec  7 18:47:53 2025] [::1]:57591 Accepted
[Sun Dec  7 18:47:53 2025] [::1]:57591 [200]: GET /Cart/cart.html
[Sun Dec  7 18:47:53 2025] [::1]:57591 Closing
[Sun Dec  7 18:47:53 2025] [::1]:57592 Accepted
[Sun Dec  7 18:47:53 2025] [::1]:57593 Accepted
[Sun Dec  7 18:47:53 2025] [::1]:57592 Closed without sending a request; it was probably just an unused speculative preconnection
[Sun Dec  7 18:47:53 2025] [::1]:57592 Closing
[Sun Dec  7 18:47:53 2025] [::1]:57593 Closed without sending a request; it was probably just an unused speculative preconnection
[Sun Dec  7 18:47:53 2025] [::1]:57593 Closing
[Sun Dec  7 18:47:54 2025] [::1]:57595 Accepted
[Sun Dec  7 18:47:54 2025] [::1]:57596 Accepted
[Sun Dec  7 18:47:54 2025] [::1]:57595 [200]: GET /Cart/cart.css
[Sun Dec  7 18:47:54 2025] [::1]:57597 Accepted
[Sun Dec  7 18:47:54 2025] [::1]:57595 Closing
[Sun Dec  7 18:47:54 2025] [::1]:57596 [200]: GET /ui/toast.css?v=1
[Sun Dec  7 18:47:54 2025] [::1]:57598 Accepted
[Sun Dec  7 18:47:54 2025] [::1]:57596 Closing
[Sun Dec  7 18:47:54 2025] [::1]:57597 [200]: GET /ui/modal.css?v=1
[Sun Dec  7 18:47:54 2025] [::1]:57599 Accepted
[Sun Dec  7 18:47:54 2025] [::1]:57597 Closing
[Sun Dec  7 18:47:54 2025] [::1]:57598 [200]: GET /Landing%20Page/styles.css
[Sun Dec  7 18:47:54 2025] [::1]:57598 Closing
[Sun Dec  7 18:47:54 2025] [::1]:57600 Accepted
[Sun Dec  7 18:47:54 2025] [::1]:57599 [200]: GET /navbar/navbar.css
[Sun Dec  7 18:47:54 2025] [::1]:57601 Accepted
[Sun Dec  7 18:47:54 2025] [::1]:57599 Closing
[Sun Dec  7 18:47:54 2025] [::1]:57600 [200]: GET /loading-screen/loading.css
[Sun Dec  7 18:47:54 2025] [::1]:57600 Closing
[Sun Dec  7 18:47:54 2025] [::1]:57602 Accepted
[Sun Dec  7 18:47:54 2025] [::1]:57601 [200]: GET /footer/footer.css
[Sun Dec  7 18:47:54 2025] [::1]:57603 Accepted
[Sun Dec  7 18:47:54 2025] [::1]:57602 [200]: GET /logo.png
[Sun Dec  7 18:47:54 2025] [::1]:57601 Closing
[Sun Dec  7 18:47:54 2025] [::1]:57604 Accepted
[Sun Dec  7 18:47:54 2025] [::1]:57605 Accepted
[Sun Dec  7 18:47:54 2025] [::1]:57606 Accepted
[Sun Dec  7 18:47:54 2025] [::1]:57602 Closing
[Sun Dec  7 18:47:54 2025] [::1]:57604 [200]: GET /footer/footer.js
[Sun Dec  7 18:47:54 2025] [::1]:57603 [200]: GET /navbar/navbar.js
[Sun Dec  7 18:47:54 2025] [::1]:57605 [200]: GET /ui/grass.js
[Sun Dec  7 18:47:54 2025] [::1]:57607 Accepted
[Sun Dec  7 18:47:54 2025] [::1]:57606 [200]: GET /ui/toast.js?v=1
[Sun Dec  7 18:47:54 2025] [::1]:57608 Accepted
[Sun Dec  7 18:47:54 2025] [::1]:57604 Closing
[Sun Dec  7 18:47:54 2025] [::1]:57603 Closing
[Sun Dec  7 18:47:54 2025] [::1]:57605 Closing
[Sun Dec  7 18:47:54 2025] [::1]:57607 [200]: GET /ui/modal.js?v=1
[Sun Dec  7 18:47:54 2025] [::1]:57609 Accepted
[Sun Dec  7 18:47:54 2025] [::1]:57606 Closing
[Sun Dec  7 18:47:54 2025] [::1]:57607 Closing
[Sun Dec  7 18:47:54 2025] [::1]:57608 [200]: GET /Cart/cart.js?v=2
[Sun Dec  7 18:47:54 2025] [::1]:57609 [200]: GET /loading-screen/loading.js
[Sun Dec  7 18:47:54 2025] [::1]:57608 Closing
[Sun Dec  7 18:47:54 2025] [::1]:57609 Closing
[Sun Dec  7 18:47:54 2025] [::1]:57611 Accepted
[Sun Dec  7 18:47:54 2025] [::1]:57611 [200]: GET /favicon.ico
[Sun Dec  7 18:47:54 2025] [::1]:57611 Closing
[Sun Dec  7 18:48:01 2025] [::1]:57777 Accepted
[Sun Dec  7 18:48:01 2025] [::1]:57777 [200]: GET /Product/product.html
[Sun Dec  7 18:48:01 2025] [::1]:57777 Closing
[Sun Dec  7 18:48:01 2025] [::1]:57778 Accepted
[Sun Dec  7 18:48:01 2025] [::1]:57779 Accepted
[Sun Dec  7 18:48:01 2025] [::1]:57778 [200]: GET /Product/product.css
[Sun Dec  7 18:48:01 2025] [::1]:57778 Closing
[Sun Dec  7 18:48:01 2025] [::1]:57779 [200]: GET /loading-screen/loading.css
[Sun Dec  7 18:48:01 2025] [::1]:57780 Accepted
[Sun Dec  7 18:48:01 2025] [::1]:57779 Closing
[Sun Dec  7 18:48:01 2025] [::1]:57781 Accepted
[Sun Dec  7 18:48:01 2025] [::1]:57781 [200]: GET /navbar/navbar.css
[Sun Dec  7 18:48:01 2025] [::1]:57780 [200]: GET /Landing%20Page/styles.css
[Sun Dec  7 18:48:01 2025] [::1]:57782 Accepted
[Sun Dec  7 18:48:01 2025] [::1]:57783 Accepted
[Sun Dec  7 18:48:01 2025] [::1]:57781 Closing
[Sun Dec  7 18:48:01 2025] [::1]:57780 Closing
[Sun Dec  7 18:48:01 2025] [::1]:57782 [200]: GET /footer/footer.css
[Sun Dec  7 18:48:01 2025] [::1]:57782 Closing
[Sun Dec  7 18:48:01 2025] [::1]:57783 [200]: GET /logo.png
[Sun Dec  7 18:48:01 2025] [::1]:57783 Closing
[Sun Dec  7 18:48:01 2025] [::1]:57784 Accepted
[Sun Dec  7 18:48:01 2025] [::1]:57785 Accepted
[Sun Dec  7 18:48:01 2025] [::1]:57786 Accepted
[Sun Dec  7 18:48:01 2025] [::1]:57784 [200]: GET /navbar/navbar.js
[Sun Dec  7 18:48:01 2025] [::1]:57785 [200]: GET /footer/footer.js
[Sun Dec  7 18:48:01 2025] [::1]:57787 Accepted
[Sun Dec  7 18:48:01 2025] [::1]:57784 Closing
[Sun Dec  7 18:48:01 2025] [::1]:57786 [200]: GET /ui/grass.js
[Sun Dec  7 18:48:01 2025] [::1]:57788 Accepted
[Sun Dec  7 18:48:01 2025] [::1]:57785 Closing
[Sun Dec  7 18:48:01 2025] [::1]:57787 [200]: GET /loading-screen/loading.js
[Sun Dec  7 18:48:01 2025] [::1]:57789 Accepted
[Sun Dec  7 18:48:01 2025] [::1]:57788 [200]: GET /Product/products.js?v=2
[Sun Dec  7 18:48:01 2025] [::1]:57786 Closing
[Sun Dec  7 18:48:01 2025] [::1]:57789 [200]: GET /Product/product.js
[Sun Dec  7 18:48:01 2025] [::1]:57787 Closing
[Sun Dec  7 18:48:01 2025] [::1]:57788 Closing
[Sun Dec  7 18:48:01 2025] [::1]:57789 Closing
[Sun Dec  7 18:48:01 2025] [::1]:57793 Accepted
[Sun Dec  7 18:48:01 2025] [::1]:57793 [200]: GET /favicon.ico
[Sun Dec  7 18:48:01 2025] [::1]:57793 Closing
[Sun Dec  7 18:48:01 2025] [::1]:57794 Accepted
[Sun Dec  7 18:48:01 2025] [::1]:57795 Accepted
[Sun Dec  7 18:48:01 2025] [::1]:57794 [200]: GET /uploads/products/01_main_966241ad.webp
[Sun Dec  7 18:48:01 2025] [::1]:57796 Accepted
[Sun Dec  7 18:48:01 2025] [::1]:57795 [200]: GET /uploads/products/01_main_cfb20020.webp
[Sun Dec  7 18:48:01 2025] [::1]:57794 Closing
[Sun Dec  7 18:48:01 2025] [::1]:57796 [200]: GET /uploads/products/01_main_0f55306f.webp
[Sun Dec  7 18:48:01 2025] [::1]:57795 Closing
[Sun Dec  7 18:48:01 2025] [::1]:57796 Closing
[Sun Dec  7 18:48:03 2025] [::1]:57854 Accepted
[Sun Dec  7 18:48:03 2025] [::1]:57854 [200]: GET /index.html
[Sun Dec  7 18:48:03 2025] [::1]:57854 Closing
[Sun Dec  7 18:48:03 2025] [::1]:57856 Accepted
[Sun Dec  7 18:48:03 2025] [::1]:57857 Accepted
[Sun Dec  7 18:48:03 2025] [::1]:57856 [200]: GET /Landing%20Page/styles.css
[Sun Dec  7 18:48:03 2025] [::1]:57856 Closing
[Sun Dec  7 18:48:03 2025] [::1]:57857 [200]: GET /navbar/navbar.css
[Sun Dec  7 18:48:03 2025] [::1]:57857 Closing
[Sun Dec  7 18:48:03 2025] [::1]:57859 Accepted
[Sun Dec  7 18:48:03 2025] [::1]:57860 Accepted
[Sun Dec  7 18:48:03 2025] [::1]:57859 [200]: GET /loading-screen/loading.css
[Sun Dec  7 18:48:03 2025] [::1]:57859 Closing
[Sun Dec  7 18:48:03 2025] [::1]:57861 Accepted
[Sun Dec  7 18:48:03 2025] [::1]:57860 [200]: GET /footer/footer.css
[Sun Dec  7 18:48:03 2025] [::1]:57860 Closing
[Sun Dec  7 18:48:03 2025] [::1]:57862 Accepted
[Sun Dec  7 18:48:03 2025] [::1]:57861 [200]: GET /Landing%20Page/asset/IMG_4090.jpg
[Sun Dec  7 18:48:03 2025] [::1]:57863 Accepted
[Sun Dec  7 18:48:03 2025] [::1]:57862 [200]: GET /Landing%20Page/asset/IMG_4091.jpg
[Sun Dec  7 18:48:03 2025] [::1]:57864 Accepted
[Sun Dec  7 18:48:03 2025] [::1]:57865 Accepted
[Sun Dec  7 18:48:03 2025] [::1]:57863 [200]: GET /Landing%20Page/asset/IMG_4094.jpg
[Sun Dec  7 18:48:03 2025] [::1]:57866 Accepted
[Sun Dec  7 18:48:03 2025] [::1]:57864 [200]: GET /Landing%20Page/asset/Screenshot%202025-11-20%20153802.png
[Sun Dec  7 18:48:03 2025] [::1]:57865 [200]: GET /Landing%20Page/asset/IMG_4095.jpg
[Sun Dec  7 18:48:03 2025] [::1]:57866 [200]: GET /navbar/navbar.js
[Sun Dec  7 18:48:03 2025] [::1]:57866 Closing
[Sun Dec  7 18:48:03 2025] [::1]:57867 Accepted
[Sun Dec  7 18:48:03 2025] [::1]:57867 [200]: GET /footer/footer.js
[Sun Dec  7 18:48:03 2025] [::1]:57867 Closing
[Sun Dec  7 18:48:03 2025] [::1]:57868 Accepted
[Sun Dec  7 18:48:03 2025] [::1]:57868 [200]: GET /Landing%20Page/script.js
[Sun Dec  7 18:48:03 2025] [::1]:57868 Closing
[Sun Dec  7 18:48:03 2025] [::1]:57869 Accepted
[Sun Dec  7 18:48:03 2025] [::1]:57869 [200]: GET /loading-screen/loading.js
[Sun Dec  7 18:48:03 2025] [::1]:57869 Closing
[Sun Dec  7 18:48:03 2025] [::1]:57870 Accepted
[Sun Dec  7 18:48:03 2025] [::1]:57870 [200]: GET /Landing%20Page/asset/IMG_4098.jpg
[Sun Dec  7 18:48:03 2025] [::1]:57861 Closing
[Sun Dec  7 18:48:03 2025] [::1]:57864 Closing
[Sun Dec  7 18:48:03 2025] [::1]:57873 Accepted
[Sun Dec  7 18:48:03 2025] [::1]:57874 Accepted
[Sun Dec  7 18:48:03 2025] [::1]:57873 [200]: GET /Landing%20Page/asset/IMG_4099.jpg
[Sun Dec  7 18:48:03 2025] [::1]:57874 [200]: GET /logo.png
[Sun Dec  7 18:48:03 2025] [::1]:57874 Closing
[Sun Dec  7 18:48:03 2025] [::1]:57863 Closing
[Sun Dec  7 18:48:03 2025] [::1]:57870 Closing
[Sun Dec  7 18:48:03 2025] [::1]:57862 Closing
[Sun Dec  7 18:48:03 2025] [::1]:57865 Closing
[Sun Dec  7 18:48:03 2025] [::1]:57873 Closing
[Sun Dec  7 18:48:04 2025] [::1]:57892 Accepted
[Sun Dec  7 18:48:04 2025] [::1]:57892 [200]: GET /favicon.ico
[Sun Dec  7 18:48:04 2025] [::1]:57892 Closing
[Sun Dec  7 18:48:08 2025] [::1]:57991 Accepted
[Sun Dec  7 18:48:08 2025] [::1]:57991 [200]: GET /Product/product.html
[Sun Dec  7 18:48:08 2025] [::1]:57991 Closing
[Sun Dec  7 18:48:08 2025] [::1]:57993 Accepted
[Sun Dec  7 18:48:08 2025] [::1]:57994 Accepted
[Sun Dec  7 18:48:08 2025] [::1]:57993 [200]: GET /Product/product.css
[Sun Dec  7 18:48:08 2025] [::1]:57993 Closing
[Sun Dec  7 18:48:08 2025] [::1]:57994 [200]: GET /loading-screen/loading.css
[Sun Dec  7 18:48:08 2025] [::1]:57994 Closing
[Sun Dec  7 18:48:08 2025] [::1]:57996 Accepted
[Sun Dec  7 18:48:08 2025] [::1]:57997 Accepted
[Sun Dec  7 18:48:08 2025] [::1]:57996 [200]: GET /Landing%20Page/styles.css
[Sun Dec  7 18:48:08 2025] [::1]:57996 Closing
[Sun Dec  7 18:48:08 2025] [::1]:57998 Accepted
[Sun Dec  7 18:48:08 2025] [::1]:57997 [200]: GET /navbar/navbar.css
[Sun Dec  7 18:48:08 2025] [::1]:57997 Closing
[Sun Dec  7 18:48:08 2025] [::1]:57999 Accepted
[Sun Dec  7 18:48:08 2025] [::1]:57998 [200]: GET /footer/footer.css
[Sun Dec  7 18:48:08 2025] [::1]:57998 Closing
[Sun Dec  7 18:48:08 2025] [::1]:58000 Accepted
[Sun Dec  7 18:48:08 2025] [::1]:57999 [200]: GET /logo.png
[Sun Dec  7 18:48:08 2025] [::1]:57999 Closing
[Sun Dec  7 18:48:08 2025] [::1]:58001 Accepted
[Sun Dec  7 18:48:08 2025] [::1]:58000 [200]: GET /navbar/navbar.js
[Sun Dec  7 18:48:08 2025] [::1]:58000 Closing
[Sun Dec  7 18:48:08 2025] [::1]:58002 Accepted
[Sun Dec  7 18:48:08 2025] [::1]:58001 [200]: GET /footer/footer.js
[Sun Dec  7 18:48:08 2025] [::1]:58001 Closing
[Sun Dec  7 18:48:08 2025] [::1]:58003 Accepted
[Sun Dec  7 18:48:08 2025] [::1]:58002 [200]: GET /ui/grass.js
[Sun Dec  7 18:48:08 2025] [::1]:58004 Accepted
[Sun Dec  7 18:48:08 2025] [::1]:58002 Closing
[Sun Dec  7 18:48:08 2025] [::1]:58003 [200]: GET /loading-screen/loading.js
[Sun Dec  7 18:48:08 2025] [::1]:58003 Closing
[Sun Dec  7 18:48:08 2025] [::1]:58005 Accepted
[Sun Dec  7 18:48:08 2025] [::1]:58004 [200]: GET /Product/products.js?v=2
[Sun Dec  7 18:48:08 2025] [::1]:58004 Closing
[Sun Dec  7 18:48:08 2025] [::1]:58005 [200]: GET /Product/product.js
[Sun Dec  7 18:48:08 2025] [::1]:58005 Closing
[Sun Dec  7 18:48:08 2025] [::1]:58007 Accepted
[Sun Dec  7 18:48:08 2025] [::1]:58007 [200]: GET /favicon.ico
[Sun Dec  7 18:48:08 2025] [::1]:58007 Closing
[Sun Dec  7 18:48:08 2025] [::1]:58008 Accepted
[Sun Dec  7 18:48:08 2025] [::1]:58009 Accepted
[Sun Dec  7 18:48:08 2025] [::1]:58008 [200]: GET /uploads/products/01_main_966241ad.webp
[Sun Dec  7 18:48:08 2025] [::1]:58010 Accepted
[Sun Dec  7 18:48:08 2025] [::1]:58009 [200]: GET /uploads/products/01_main_cfb20020.webp
[Sun Dec  7 18:48:08 2025] [::1]:58008 Closing
[Sun Dec  7 18:48:08 2025] [::1]:58010 [200]: GET /uploads/products/01_main_0f55306f.webp
[Sun Dec  7 18:48:08 2025] [::1]:58009 Closing
[Sun Dec  7 18:48:08 2025] [::1]:58010 Closing
[Sun Dec  7 18:48:11 2025] [::1]:58073 Accepted
[Sun Dec  7 18:48:11 2025] [::1]:58073 [200]: GET /Cart/cart.html
[Sun Dec  7 18:48:11 2025] [::1]:58073 Closing
[Sun Dec  7 18:48:11 2025] [::1]:58075 Accepted
[Sun Dec  7 18:48:11 2025] [::1]:58076 Accepted
[Sun Dec  7 18:48:11 2025] [::1]:58075 [200]: GET /Cart/cart.css
[Sun Dec  7 18:48:11 2025] [::1]:58075 Closing
[Sun Dec  7 18:48:11 2025] [::1]:58076 [200]: GET /ui/toast.css?v=1
[Sun Dec  7 18:48:11 2025] [::1]:58076 Closing
[Sun Dec  7 18:48:11 2025] [::1]:58077 Accepted
[Sun Dec  7 18:48:11 2025] [::1]:58078 Accepted
[Sun Dec  7 18:48:11 2025] [::1]:58077 [200]: GET /ui/modal.css?v=1
[Sun Dec  7 18:48:11 2025] [::1]:58077 Closing
[Sun Dec  7 18:48:11 2025] [::1]:58079 Accepted
[Sun Dec  7 18:48:11 2025] [::1]:58078 [200]: GET /Landing%20Page/styles.css
[Sun Dec  7 18:48:11 2025] [::1]:58078 Closing
[Sun Dec  7 18:48:11 2025] [::1]:58080 Accepted
[Sun Dec  7 18:48:11 2025] [::1]:58079 [200]: GET /navbar/navbar.css
[Sun Dec  7 18:48:11 2025] [::1]:58079 Closing
[Sun Dec  7 18:48:11 2025] [::1]:58081 Accepted
[Sun Dec  7 18:48:11 2025] [::1]:58080 [200]: GET /loading-screen/loading.css
[Sun Dec  7 18:48:11 2025] [::1]:58080 Closing
[Sun Dec  7 18:48:11 2025] [::1]:58082 Accepted
[Sun Dec  7 18:48:11 2025] [::1]:58081 [200]: GET /footer/footer.css
[Sun Dec  7 18:48:11 2025] [::1]:58081 Closing
[Sun Dec  7 18:48:11 2025] [::1]:58083 Accepted
[Sun Dec  7 18:48:11 2025] [::1]:58082 [200]: GET /logo.png
[Sun Dec  7 18:48:11 2025] [::1]:58082 Closing
[Sun Dec  7 18:48:11 2025] [::1]:58084 Accepted
[Sun Dec  7 18:48:11 2025] [::1]:58083 [200]: GET /navbar/navbar.js
[Sun Dec  7 18:48:11 2025] [::1]:58083 Closing
[Sun Dec  7 18:48:11 2025] [::1]:58085 Accepted
[Sun Dec  7 18:48:11 2025] [::1]:58084 [200]: GET /footer/footer.js
[Sun Dec  7 18:48:11 2025] [::1]:58084 Closing
[Sun Dec  7 18:48:11 2025] [::1]:58086 Accepted
[Sun Dec  7 18:48:11 2025] [::1]:58085 [200]: GET /ui/grass.js
[Sun Dec  7 18:48:11 2025] [::1]:58085 Closing
[Sun Dec  7 18:48:11 2025] [::1]:58087 Accepted
[Sun Dec  7 18:48:11 2025] [::1]:58086 [200]: GET /ui/toast.js?v=1
[Sun Dec  7 18:48:11 2025] [::1]:58088 Accepted
[Sun Dec  7 18:48:11 2025] [::1]:58086 Closing
[Sun Dec  7 18:48:11 2025] [::1]:58087 [200]: GET /ui/modal.js?v=1
[Sun Dec  7 18:48:11 2025] [::1]:58087 Closing
[Sun Dec  7 18:48:11 2025] [::1]:58089 Accepted
[Sun Dec  7 18:48:11 2025] [::1]:58088 [200]: GET /Cart/cart.js?v=2
[Sun Dec  7 18:48:11 2025] [::1]:58088 Closing
[Sun Dec  7 18:48:11 2025] [::1]:58089 [200]: GET /loading-screen/loading.js
[Sun Dec  7 18:48:11 2025] [::1]:58089 Closing
[Sun Dec  7 18:48:11 2025] [::1]:58092 Accepted
[Sun Dec  7 18:48:11 2025] [::1]:58092 [200]: GET /favicon.ico
[Sun Dec  7 18:48:11 2025] [::1]:58092 Closing
[Sun Dec  7 18:57:27 2025] [::1]:54775 Accepted
[Sun Dec  7 18:57:28 2025] [::1]:54775 [200]: GET /Produk_detail.html?id=1
[Sun Dec  7 18:57:28 2025] [::1]:54775 Closing
[Sun Dec  7 18:57:28 2025] [::1]:54790 Accepted
[Sun Dec  7 18:57:28 2025] [::1]:54792 Accepted
[Sun Dec  7 18:57:28 2025] [::1]:54790 [200]: GET /Produk_detail/Produk_detail.css?v=8
[Sun Dec  7 18:57:28 2025] [::1]:54793 Accepted
[Sun Dec  7 18:57:28 2025] [::1]:54794 Accepted
[Sun Dec  7 18:57:28 2025] [::1]:54795 Accepted
[Sun Dec  7 18:57:28 2025] [::1]:54790 Closing
[Sun Dec  7 18:57:28 2025] [::1]:54796 Accepted
[Sun Dec  7 18:57:28 2025] [::1]:54792 [200]: GET /ui/toast.css?v=1
[Sun Dec  7 18:57:28 2025] [::1]:54793 [200]: GET /navbar/navbar.css
[Sun Dec  7 18:57:28 2025] [::1]:54794 [200]: GET /footer/footer.css
[Sun Dec  7 18:57:28 2025] [::1]:54792 Closing
[Sun Dec  7 18:57:28 2025] [::1]:54795 [200]: GET /Product/product.css
[Sun Dec  7 18:57:28 2025] [::1]:54796 [200]: GET /loading-screen/loading.js
[Sun Dec  7 18:57:28 2025] [::1]:54793 Closing
[Sun Dec  7 18:57:28 2025] [::1]:54794 Closing
[Sun Dec  7 18:57:28 2025] [::1]:54795 Closing
[Sun Dec  7 18:57:28 2025] [::1]:54796 Closing
[Sun Dec  7 18:57:28 2025] [::1]:54798 Accepted
[Sun Dec  7 18:57:28 2025] [::1]:54798 [200]: GET /loading-screen/loading.css
[Sun Dec  7 18:57:28 2025] [::1]:54798 Closing
[Sun Dec  7 18:57:28 2025] [::1]:54799 Accepted
[Sun Dec  7 18:57:28 2025] [::1]:54800 Accepted
[Sun Dec  7 18:57:28 2025] [::1]:54801 Accepted
[Sun Dec  7 18:57:28 2025] [::1]:54799 [200]: GET /navbar/navbar.js
[Sun Dec  7 18:57:28 2025] [::1]:54799 Closing
[Sun Dec  7 18:57:28 2025] [::1]:54802 Accepted
[Sun Dec  7 18:57:28 2025] [::1]:54803 Accepted
[Sun Dec  7 18:57:28 2025] [::1]:54800 [200]: GET /footer/footer.js
[Sun Dec  7 18:57:28 2025] [::1]:54800 Closing
[Sun Dec  7 18:57:28 2025] [::1]:54801 [200]: GET /Product/products.js?v=2
[Sun Dec  7 18:57:28 2025] [::1]:54801 Closing
[Sun Dec  7 18:57:28 2025] [::1]:54802 [200]: GET /Product/product.js?v=1
[Sun Dec  7 18:57:28 2025] [::1]:54802 Closing
[Sun Dec  7 18:57:28 2025] [::1]:54803 [200]: GET /Produk_detail/Produk_detail.js?v=7
[Sun Dec  7 18:57:28 2025] [::1]:54804 Accepted
[Sun Dec  7 18:57:28 2025] [::1]:54803 Closing
[Sun Dec  7 18:57:28 2025] [::1]:54804 [200]: GET /ui/toast.js?v=1
[Sun Dec  7 18:57:28 2025] [::1]:54804 Closing
[Sun Dec  7 18:57:28 2025] [::1]:54805 Accepted
[Sun Dec  7 18:57:28 2025] [::1]:54805 [200]: GET /logo.png
[Sun Dec  7 18:57:28 2025] [::1]:54805 Closing
[Sun Dec  7 18:57:29 2025] [::1]:54822 Accepted
[Sun Dec  7 18:57:29 2025] [::1]:54823 Accepted
[Sun Dec  7 18:57:29 2025] [::1]:54824 Accepted
[Sun Dec  7 18:57:29 2025] [::1]:54822 [200]: GET /uploads/products/01_main_966241ad.webp
[Sun Dec  7 18:57:29 2025] [::1]:54823 [200]: GET /uploads/products/01_main_cfb20020.webp
[Sun Dec  7 18:57:29 2025] [::1]:54824 [200]: GET /uploads/products/01_main_0f55306f.webp
[Sun Dec  7 18:57:29 2025] [::1]:54822 Closing
[Sun Dec  7 18:57:29 2025] [::1]:54823 Closing
[Sun Dec  7 18:57:29 2025] [::1]:54824 Closing
[Sun Dec  7 18:57:29 2025] [::1]:54827 Accepted
[Sun Dec  7 18:57:29 2025] [::1]:54828 Accepted
[Sun Dec  7 18:57:29 2025] [::1]:54827 [200]: GET /uploads/products/02_var_5648290d.webp
[Sun Dec  7 18:57:29 2025] [::1]:54829 Accepted
[Sun Dec  7 18:57:29 2025] [::1]:54827 Closing
[Sun Dec  7 18:57:29 2025] [::1]:54830 Accepted
[Sun Dec  7 18:57:29 2025] [::1]:54831 Accepted
[Sun Dec  7 18:57:29 2025] [::1]:54828 [200]: GET /uploads/products/04_var_3855f4e3.webp
[Sun Dec  7 18:57:29 2025] [::1]:54829 [200]: GET /uploads/products/03_var_be6055a9.webp
[Sun Dec  7 18:57:29 2025] [::1]:54830 [200]: GET /uploads/products/05_var_78b12944.webp
[Sun Dec  7 18:57:29 2025] [::1]:54831 [200]: GET /uploads/products/06_var_55ca84cd.webp
[Sun Dec  7 18:57:29 2025] [::1]:54828 Closing
[Sun Dec  7 18:57:29 2025] [::1]:54829 Closing
[Sun Dec  7 18:57:29 2025] [::1]:54831 Closing
[Sun Dec  7 18:57:29 2025] [::1]:54830 Closing
[Sun Dec  7 18:57:29 2025] [::1]:54832 Accepted
[Sun Dec  7 18:57:29 2025] [::1]:54833 Accepted
[Sun Dec  7 18:57:29 2025] [::1]:54832 [200]: GET /uploads/products/01_main_966241ad.webp
[Sun Dec  7 18:57:29 2025] [::1]:54832 Closing
[Sun Dec  7 18:57:29 2025] [::1]:54833 [200]: GET /uploads/products/01_main_cfb20020.webp
[Sun Dec  7 18:57:29 2025] [::1]:54833 Closing
[Sun Dec  7 18:57:32 2025] [::1]:54917 Accepted
[Sun Dec  7 18:57:32 2025] [::1]:54917 [200]: GET /Produk_detail.html?id=2
[Sun Dec  7 18:57:32 2025] [::1]:54917 Closing
[Sun Dec  7 18:57:32 2025] [::1]:54918 Accepted
[Sun Dec  7 18:57:32 2025] [::1]:54919 Accepted
[Sun Dec  7 18:57:32 2025] [::1]:54918 [200]: GET /Produk_detail/Produk_detail.css?v=8
[Sun Dec  7 18:57:32 2025] [::1]:54918 Closing
[Sun Dec  7 18:57:32 2025] [::1]:54920 Accepted
[Sun Dec  7 18:57:32 2025] [::1]:54921 Accepted
[Sun Dec  7 18:57:32 2025] [::1]:54922 Accepted
[Sun Dec  7 18:57:32 2025] [::1]:54923 Accepted
[Sun Dec  7 18:57:32 2025] [::1]:54919 [200]: GET /ui/toast.css?v=1
[Sun Dec  7 18:57:32 2025] [::1]:54919 Closing
[Sun Dec  7 18:57:32 2025] [::1]:54921 [200]: GET /footer/footer.css
[Sun Dec  7 18:57:32 2025] [::1]:54922 [200]: GET /Product/product.css
[Sun Dec  7 18:57:32 2025] [::1]:54921 Closing
[Sun Dec  7 18:57:32 2025] [::1]:54923 [200]: GET /loading-screen/loading.js
[Sun Dec  7 18:57:32 2025] [::1]:54920 [200]: GET /navbar/navbar.css
[Sun Dec  7 18:57:32 2025] [::1]:54922 Closing
[Sun Dec  7 18:57:32 2025] [::1]:54923 Closing
[Sun Dec  7 18:57:32 2025] [::1]:54920 Closing
[Sun Dec  7 18:57:32 2025] [::1]:54925 Accepted
[Sun Dec  7 18:57:32 2025] [::1]:54926 Accepted
[Sun Dec  7 18:57:32 2025] [::1]:54928 Accepted
[Sun Dec  7 18:57:32 2025] [::1]:54925 [200]: GET /loading-screen/loading.css
[Sun Dec  7 18:57:32 2025] [::1]:54926 [200]: GET /navbar/navbar.js
[Sun Dec  7 18:57:32 2025] [::1]:54929 Accepted
[Sun Dec  7 18:57:32 2025] [::1]:54925 Closing
[Sun Dec  7 18:57:32 2025] [::1]:54930 Accepted
[Sun Dec  7 18:57:32 2025] [::1]:54926 Closing
[Sun Dec  7 18:57:32 2025] [::1]:54928 [200]: GET /footer/footer.js
[Sun Dec  7 18:57:32 2025] [::1]:54931 Accepted
[Sun Dec  7 18:57:32 2025] [::1]:54928 Closing
[Sun Dec  7 18:57:32 2025] [::1]:54929 [200]: GET /Product/products.js?v=2
[Sun Dec  7 18:57:32 2025] [::1]:54929 Closing
[Sun Dec  7 18:57:32 2025] [::1]:54930 [200]: GET /Product/product.js?v=1
[Sun Dec  7 18:57:32 2025] [::1]:54930 Closing
[Sun Dec  7 18:57:32 2025] [::1]:54931 [200]: GET /Produk_detail/Produk_detail.js?v=7
[Sun Dec  7 18:57:32 2025] [::1]:54931 Closing
[Sun Dec  7 18:57:32 2025] [::1]:54932 Accepted
[Sun Dec  7 18:57:32 2025] [::1]:54932 [200]: GET /ui/toast.js?v=1
[Sun Dec  7 18:57:32 2025] [::1]:54932 Closing
[Sun Dec  7 18:57:32 2025] [::1]:54933 Accepted
[Sun Dec  7 18:57:32 2025] [::1]:54933 [200]: GET /logo.png
[Sun Dec  7 18:57:32 2025] [::1]:54933 Closing
[Sun Dec  7 18:57:32 2025] [::1]:54934 Accepted
[Sun Dec  7 18:57:32 2025] [::1]:54934 [200]: GET /uploads/products/01_main_cfb20020.webp
[Sun Dec  7 18:57:32 2025] [::1]:54935 Accepted
[Sun Dec  7 18:57:32 2025] [::1]:54934 Closing
[Sun Dec  7 18:57:32 2025] [::1]:54936 Accepted
[Sun Dec  7 18:57:32 2025] [::1]:54937 Accepted
[Sun Dec  7 18:57:32 2025] [::1]:54938 Accepted
[Sun Dec  7 18:57:32 2025] [::1]:54939 Accepted
[Sun Dec  7 18:57:32 2025] [::1]:54935 [200]: GET /uploads/products/02_var_515cf0bf.webp
[Sun Dec  7 18:57:32 2025] [::1]:54936 [200]: GET /uploads/products/04_var_3105c4a4.webp
[Sun Dec  7 18:57:32 2025] [::1]:54937 [200]: GET /uploads/products/03_var_a16534a5.webp
[Sun Dec  7 18:57:32 2025] [::1]:54935 Closing
[Sun Dec  7 18:57:32 2025] [::1]:54938 [200]: GET /uploads/products/05_var_ec1522dc.webp
[Sun Dec  7 18:57:32 2025] [::1]:54936 Closing
[Sun Dec  7 18:57:32 2025] [::1]:54937 Closing
[Sun Dec  7 18:57:32 2025] [::1]:54939 [200]: GET /uploads/products/06_var_8c091356.webp
[Sun Dec  7 18:57:32 2025] [::1]:54938 Closing
[Sun Dec  7 18:57:32 2025] [::1]:54939 Closing
[Sun Dec  7 18:57:32 2025] [::1]:54942 Accepted
[Sun Dec  7 18:57:32 2025] [::1]:54943 Accepted
[Sun Dec  7 18:57:32 2025] [::1]:54942 [200]: GET /uploads/products/08_var_bc3d54e4.webp
[Sun Dec  7 18:57:32 2025] [::1]:54942 Closing
[Sun Dec  7 18:57:32 2025] [::1]:54944 Accepted
[Sun Dec  7 18:57:32 2025] [::1]:54945 Accepted
[Sun Dec  7 18:57:32 2025] [::1]:54943 [200]: GET /uploads/products/07_var_9f30110b.webp
[Sun Dec  7 18:57:32 2025] [::1]:54943 Closing
[Sun Dec  7 18:57:32 2025] [::1]:54944 [200]: GET /uploads/products/01_main_966241ad.webp
[Sun Dec  7 18:57:32 2025] [::1]:54945 [200]: GET /uploads/products/01_main_0f55306f.webp
[Sun Dec  7 18:57:32 2025] [::1]:54944 Closing
[Sun Dec  7 18:57:32 2025] [::1]:54945 Closing
product_input debug: {"variant_category_name":[""],"variant_item_name":[""],"variant_item_price":["10000"],"variant_item_category_index":["0"],"variant_item_image_names":[""],"variant_item_image_errors":[4]}
product_input debug: {"variant_category_name":["dfggfd"],"variant_item_name":["dfgdfgdfg"],"variant_item_price":["10000"],"variant_item_category_index":["0"],"variant_item_image_names":["Screenshot 2025-07-30 072200.png"],"variant_item_image_errors":[0]}
product_input no_images_saved: {"product_id":5,"upload_dir":"C:\\xamp\\htdocs\\purunikk\\admin\/..\/uploads\/products\\"}
>>>>>>> Stashed changes
product_input debug: {"variant_category_name":["Warna"],"variant_item_name":["Natural","Hitam Lurik"],"variant_item_price":["","30000"],"variant_item_category_index":["0","0"],"variant_item_image_names":["id-11134207-7rasj-m0p39ocmgh700d@resize_w900_nl.webp","id-11134207-7rasa-m4vf2k4k07gz8b@resize_w900_nl.webp"],"variant_item_image_errors":[0,0]}
product_input debug: {"variant_category_name":["Warna"],"variant_item_name":["Natural","Hitam Lurik"],"variant_item_price":["","30000"],"variant_item_category_index":["0","0"],"variant_item_image_names":["id-11134207-7rasj-m0p39ocmgh700d@resize_w900_nl.webp","id-11134207-7rasa-m4vf2k4k07gz8b@resize_w900_nl.webp"],"variant_item_image_errors":[0,0]}
product_input debug: {"variant_category_name":["Warna"],"variant_item_name":["Natural","Hitam Lurik"],"variant_item_price":["","30000"],"variant_item_category_index":["0","0"],"variant_item_image_names":["id-11134207-7rasj-m0p39ocmgh700d@resize_w900_nl.webp","id-11134207-7rasa-m4vf2k4k07gz8b@resize_w900_nl.webp"],"variant_item_image_errors":[0,0]}
product_input debug: {"variant_category_name":["Warna"],"variant_item_name":["Natural + Bunga","Hitam Lurik + Bunga"],"variant_item_price":["","40000"],"variant_item_category_index":["0","0"],"variant_item_image_names":["id-11134207-7rasc-m0py17x38u2f1f.webp","id-11134207-7rasi-m0py17wjcguf02.webp"],"variant_item_image_errors":[0,0]}
product_input debug: {"variant_category_name":["Warna","Model"],"variant_item_name":["Merah Bunga","Hijau Bunga","Hitam Bunga","Hitam Lurik","Dengan Resleting","Tanpa Resleting"],"variant_item_price":["","30000","","30000","36000",""],"variant_item_category_index":["0","0","0","0","1","1"],"variant_item_image_names":["id-11134207-7r98y-ll4wsgy9lv7546@resize_w900_nl.webp","id-11134207-7r98w-ll4wsh6v99rff3.webp","id-11134207-7r98q-ll5vsb717b2407.webp","id-11134207-7r992-ll4wsgpxy1fg00@resize_w900_nl.webp","",""],"variant_item_image_errors":[0,0,0,0,4,4]}
product_input debug: {"variant_category_name":[""],"variant_item_name":[""],"variant_item_price":[""],"variant_item_category_index":["0"],"variant_item_image_names":[""],"variant_item_image_errors":[4]}
product_input debug: {"variant_category_name":["Warna"],"variant_item_name":["Motif Biru"],"variant_item_price":[""],"variant_item_category_index":["0"],"variant_item_image_names":["id-11134207-7qukz-lg8mrnu33tf2b5.webp"],"variant_item_image_errors":[0]}
product_input debug: {"variant_category_name":["Variasi"],"variant_item_name":["Dengan Mika","Polos + Pita Coklat","Mika + Pita Coklat","Mika + Pita Merah"],"variant_item_price":["","15000","18000","18000"],"variant_item_category_index":["0","0","0","0"],"variant_item_image_names":["id-11134207-7rasj-m4fgmna7poxkd6@resize_w900_nl.webp","id-11134207-7ras8-m4fgjxeyxj22fc@resize_w900_nl.webp","id-11134207-7rase-m4fgshypeph4ea.webp","id-11134207-7rask-m4fgmna7r3i0b0@resize_w900_nl.webp"],"variant_item_image_errors":[0,0,0,0]}
product_input no_images_saved: {"product_id":6,"upload_dir":"C:\\xamp\\htdocs\\purunikk\\admin\/..\/uploads\/products\\"}
product_input debug: {"variant_category_name":["Motif"],"variant_item_name":["Liris 2","Balur Lurik 2"],"variant_item_price":["",""],"variant_item_category_index":["0","0"],"variant_item_image_names":["id-11134207-7rasc-m0p2fxvuzrrwf1@resize_w900_nl.webp","id-11134207-7rasa-m0p2fxvuzs5j77@resize_w900_nl.webp"],"variant_item_image_errors":[0,0]}
product_input no_images_saved: {"product_id":7,"upload_dir":"C:\\xamp\\htdocs\\purunikk\\admin\/..\/uploads\/products\\"}
product_input debug: {"variant_category_name":["Ukuran"],"variant_item_name":["Botol 500ml","Botol 1000ml","Botol Marjan"],"variant_item_price":["","10000","19000"],"variant_item_category_index":["0","0","0"],"variant_item_image_names":["","",""],"variant_item_image_errors":[4,4,4]}
product_input no_images_saved: {"product_id":8,"upload_dir":"C:\\xamp\\htdocs\\purunikk\\admin\/..\/uploads\/products\\"}
product_input debug: {"variant_category_name":["Warna"],"variant_item_name":["Putih Natural"],"variant_item_price":[""],"variant_item_category_index":["0"],"variant_item_image_names":[""],"variant_item_image_errors":[4]}
product_input no_images_saved: {"product_id":9,"upload_dir":"C:\\xamp\\htdocs\\purunikk\\admin\/..\/uploads\/products\\"}
product_input debug: {"variant_category_name":["Warna"],"variant_item_name":["Putih Natural"],"variant_item_price":[""],"variant_item_category_index":["0"],"variant_item_image_names":[""],"variant_item_image_errors":[4]}
product_input no_images_saved: {"product_id":10,"upload_dir":"C:\\xamp\\htdocs\\purunikk\\admin\/..\/uploads\/products\\"}
product_input debug: {"variant_category_name":["Warna"],"variant_item_name":["Natural"],"variant_item_price":[""],"variant_item_category_index":["0"],"variant_item_image_names":[""],"variant_item_image_errors":[4]}
product_input no_images_saved: {"product_id":11,"upload_dir":"C:\\xamp\\htdocs\\purunikk\\admin\/..\/uploads\/products\\"}
product_input debug: {"variant_category_name":["Warna","ukuran"],"variant_item_name":["Hijau","Merah","15cm"],"variant_item_price":["7000","7677676","4000"],"variant_item_category_index":["0","0","1"],"variant_item_image_names":["683b65722a3175dc2d7ef38dc9dfd5b7.webp","id-11134207-7rasm-m4tvia51wfb665.webp","id-11134207-7rasm-m4tvia51wfb665.webp"],"variant_item_image_errors":[0,0,0]}
